
Discarded input sections

 .group         0x00000000        0x8 C:\Users\macke\DOCUME~1\axoloti/build/xpatch.o
 .group         0x00000000        0x8 C:\Users\macke\DOCUME~1\axoloti/build/xpatch.o
 .group         0x00000000        0x8 C:\Users\macke\DOCUME~1\axoloti/build/xpatch.o
 .group         0x00000000        0x8 C:\Users\macke\DOCUME~1\axoloti/build/xpatch.o
 .group         0x00000000        0x8 C:\Users\macke\DOCUME~1\axoloti/build/xpatch.o
 .group         0x00000000        0x8 C:\Users\macke\DOCUME~1\axoloti/build/xpatch.o

Memory Configuration

Name             Origin             Length             Attributes
SRAM             0x00011000         0x0000b000         xrw
SRAM2            0x2001c000         0x00002000         xrw
CCMSRAM          0x10000000         0x0000c000         rw
sdram            0xc0000000         0x00800000
*default*        0x00000000         0xffffffff

Linker script and memory map

LOAD C:\Users\macke\DOCUME~1\axoloti/build/xpatch.o
LOAD ./build/axoloti.elf
START GROUP
LOAD c:/program files/axoloti_runtime/platform_win/bin/../lib/gcc/arm-none-eabi/4.9.3/armv7e-m/fpu\libgcc.a
LOAD c:/program files/axoloti_runtime/platform_win/bin/../lib/gcc/arm-none-eabi/4.9.3/../../../../arm-none-eabi/lib/armv7e-m/fpu\libc.a
END GROUP

.text           0x00011000      0x820
 *(.boot)
 .boot          0x00011000       0xbc C:\Users\macke\DOCUME~1\axoloti/build/xpatch.o
                0x00011000                xpatch_init
 *(.text)
 *fill*         0x000110bc        0x4 
 .text          0x000110c0      0x6ec C:\Users\macke\DOCUME~1\axoloti/build/xpatch.o
                0x00011200                PatchDispose()
                0x000112a0                ApplyPreset(long)
                0x00011330                PatchMidiInHandler(midi_device_t, unsigned char, unsigned char, unsigned char, unsigned char)
                0x00011600                PatchProcess(long*, long*)
                0x000116f0                xpatch_init2(int)
 *fill*         0x000117ac        0x4 
 .text.__stub   0x000117b0       0x70 linker stubs
                0x00011820                etext = .

.glue_7         0x00011820        0x0
 .glue_7        0x00000000        0x0 linker stubs

.glue_7t        0x00011820        0x0
 .glue_7t       0x00000000        0x0 linker stubs

.vfp11_veneer   0x00011820        0x0
 .vfp11_veneer  0x00000000        0x0 linker stubs

.v4_bx          0x00011820        0x0
 .v4_bx         0x00000000        0x0 linker stubs

.text._ZN5rootc4InitEv
                0x00011820      0xef0
 .text._ZN5rootc4InitEv
                0x00011820      0xe90 C:\Users\macke\DOCUME~1\axoloti/build/xpatch.o
                0x00011820                rootc::Init()
 .text._ZN5rootc4InitEv.__stub
                0x000126b0       0x60 linker stubs

.text._ZN5rootc3dspEv
                0x00012710     0x2648
 .text._ZN5rootc3dspEv
                0x00012710     0x2624 C:\Users\macke\DOCUME~1\axoloti/build/xpatch.o
                0x00012710                rootc::dsp()
 *fill*         0x00014d34        0x4 
 .text._ZN5rootc3dspEv.__stub
                0x00014d38       0x20 linker stubs

.text.startup   0x00014d60       0x28
 .text.startup  0x00014d60       0x28 C:\Users\macke\DOCUME~1\axoloti/build/xpatch.o

.iplt           0x00014d88        0x0
 .iplt          0x00000000        0x0 C:\Users\macke\DOCUME~1\axoloti/build/xpatch.o

constructors    0x00014d88        0x4
                0x00014d88                PROVIDE (__ctor_array_start, .)
 *(SORT(.init_array.*))
 *(.init_array)
 .init_array    0x00014d88        0x4 C:\Users\macke\DOCUME~1\axoloti/build/xpatch.o
                0x00014d8c                PROVIDE (__ctor_array_end, .)

destructors     0x00014d8c        0x0
                0x00014d8c                PROVIDE (__dtor_array_start, .)
 *(.fini_array)
 *(SORT(.fini_array.*))
                0x00014d8c                PROVIDE (__dtor_array_end, .)

.rodata         0x00014d8c      0xa80
 *(.rodata)
 *(.rodata.*)
 .rodata._ZZN5rootc10GetPresetsEvE1p
                0x00014d8c      0x800 C:\Users\macke\DOCUME~1\axoloti/build/xpatch.o
                0x00014d8c                rootc::GetPresets()::p
 .rodata._ZZN5rootc13GetInitParamsEvE1p
                0x0001558c       0x8c C:\Users\macke\DOCUME~1\axoloti/build/xpatch.o
                0x0001558c                rootc::GetInitParams()::p
 .rodata._ZZN5rootc24instanceSubOscillator__13dspERA16_lRbE10zerobuffer
                0x00015618       0x40 C:\Users\macke\DOCUME~1\axoloti/build/xpatch.o
                0x00015618                rootc::instanceSubOscillator__1::dsp(long (&) [16], bool&)::zerobuffer
 .rodata._ZZN5rootc3dspEvE10zerobuffer
                0x00015658       0x40 C:\Users\macke\DOCUME~1\axoloti/build/xpatch.o
                0x00015658                rootc::dsp()::zerobuffer
 .rodata.str1.4
                0x00015698      0x174 C:\Users\macke\DOCUME~1\axoloti/build/xpatch.o
                                0x173 (size before relaxing)

.rel.dyn        0x0001580c        0x0
 .rel.iplt      0x00000000        0x0 C:\Users\macke\DOCUME~1\axoloti/build/xpatch.o

.data           0x0001580c        0x0
                0x0001580c                sdata = .
 *(.data)
 .data          0x0001580c        0x0 C:\Users\macke\DOCUME~1\axoloti/build/xpatch.o
                0x0001580c                edata = .

.igot.plt       0x0001580c        0x0
 .igot.plt      0x00000000        0x0 C:\Users\macke\DOCUME~1\axoloti/build/xpatch.o

.sram2
 *(.sram2)
 *(.sram2.*)

.bss            0x10000000     0x13a5
                0x10000000                PROVIDE (_pbss_start, .)
                0x10000000                sbss = .
 *(.bss)
 .bss           0x10000000     0x13a5 C:\Users\macke\DOCUME~1\axoloti/build/xpatch.o
                0x100012a0                AudioOutputMode
                0x100012a4                AudioOutputLeft
                0x100012e4                AudioOutputRight
                0x10001324                AudioInputLeft
                0x10001364                AudioInputRight
                0x100013a4                AudioInputMode
                0x100013a5                ebss = .
                0x100013a5                PROVIDE (_pbss_end, .)

.sdram          0xc0000000        0x0
 *(.sdram)
 *(.sdram.*)
                0xc0000000                PROVIDE (_sdram_dyn_start, .)
                0xc0800000                PROVIDE (_sdram_dyn_end, (ORIGIN (sdram) + 0x800000))
OUTPUT(C:\Users\macke\DOCUME~1\axoloti/build/xpatch.elf elf32-littlearm)

.comment        0x00000000       0x70
 .comment       0x00000000       0x70 C:\Users\macke\DOCUME~1\axoloti/build/xpatch.o
                                 0x71 (size before relaxing)

.ARM.attributes
                0x00000000       0x37
 .ARM.attributes
                0x00000000       0x39 C:\Users\macke\DOCUME~1\axoloti/build/xpatch.o

Cross Reference Table

Symbol                                            File
ADAU1961_I2CStart                                 ./build/axoloti.elf
ADAU1961_I2CStop                                  ./build/axoloti.elf
ADAU1961_ReadRegister                             ./build/axoloti.elf
ADAU1961_ReadRegister6                            ./build/axoloti.elf
ADAU1961_WriteRegister                            ./build/axoloti.elf
                                                  C:\Users\macke\DOCUME~1\axoloti/build/xpatch.o
ADAU1961_WriteRegister6                           ./build/axoloti.elf
ADCD1                                             ./build/axoloti.elf
ADCkvps                                           ./build/axoloti.elf
AckPending                                        ./build/axoloti.elf
ApplyPreset                                       ./build/axoloti.elf
ApplyPreset(long)                                 C:\Users\macke\DOCUME~1\axoloti/build/xpatch.o
AudioInputLeft                                    C:\Users\macke\DOCUME~1\axoloti/build/xpatch.o
AudioInputMode                                    C:\Users\macke\DOCUME~1\axoloti/build/xpatch.o
AudioInputRight                                   C:\Users\macke\DOCUME~1\axoloti/build/xpatch.o
AudioOutputLeft                                   C:\Users\macke\DOCUME~1\axoloti/build/xpatch.o
AudioOutputMode                                   C:\Users\macke\DOCUME~1\axoloti/build/xpatch.o
AudioOutputRight                                  C:\Users\macke\DOCUME~1\axoloti/build/xpatch.o
AxolotiControlUpdate                              ./build/axoloti.elf
BDU1                                              ./build/axoloti.elf
BootLoaderInit                                    ./build/axoloti.elf
Btn_Nav_And                                       ./build/axoloti.elf
Btn_Nav_CurStates                                 ./build/axoloti.elf
Btn_Nav_Or                                        ./build/axoloti.elf
Btn_Nav_PrevStates                                ./build/axoloti.elf
BusFaultVector                                    ./build/axoloti.elf
CalcCRC32                                         ./build/axoloti.elf
CheckI2CErrors                                    ./build/axoloti.elf
CheckStackOverflow                                ./build/axoloti.elf
CloseFile                                         ./build/axoloti.elf
CopyPatchToFlash                                  ./build/axoloti.elf
DebugMonitorVector                                ./build/axoloti.elf
DspTime                                           ./build/axoloti.elf
EncBuffer                                         ./build/axoloti.elf
EnterMenuFormat                                   ./build/axoloti.elf
EnterMenuLoad                                     ./build/axoloti.elf
EnterMenuLoadFile                                 ./build/axoloti.elf
FMC_ClearFlag                                     ./build/axoloti.elf
FMC_ClearITPendingBit                             ./build/axoloti.elf
FMC_GetECC                                        ./build/axoloti.elf
FMC_GetFlagStatus                                 ./build/axoloti.elf
FMC_GetITStatus                                   ./build/axoloti.elf
FMC_GetModeStatus                                 ./build/axoloti.elf
FMC_ITConfig                                      ./build/axoloti.elf
FMC_NANDCmd                                       ./build/axoloti.elf
FMC_NANDDeInit                                    ./build/axoloti.elf
FMC_NANDECCCmd                                    ./build/axoloti.elf
FMC_NANDInit                                      ./build/axoloti.elf
FMC_NANDStructInit                                ./build/axoloti.elf
FMC_NORSRAMCmd                                    ./build/axoloti.elf
FMC_NORSRAMDeInit                                 ./build/axoloti.elf
FMC_NORSRAMInit                                   ./build/axoloti.elf
FMC_NORSRAMStructInit                             ./build/axoloti.elf
FMC_PCCARDCmd                                     ./build/axoloti.elf
FMC_PCCARDDeInit                                  ./build/axoloti.elf
FMC_PCCARDInit                                    ./build/axoloti.elf
FMC_PCCARDStructInit                              ./build/axoloti.elf
FMC_SDRAMCmdConfig                                ./build/axoloti.elf
FMC_SDRAMDeInit                                   ./build/axoloti.elf
FMC_SDRAMInit                                     ./build/axoloti.elf
FMC_SDRAMStructInit                               ./build/axoloti.elf
FMC_SDRAMWriteProtectionConfig                    ./build/axoloti.elf
FMC_SetAutoRefresh_Number                         ./build/axoloti.elf
FMC_SetRefreshCount                               ./build/axoloti.elf
FastLog                                           ./build/axoloti.elf
FileName                                          ./build/axoloti.elf
GetFirmwareID                                     ./build/axoloti.elf
GetIndexOfCurrentPatch                            ./build/axoloti.elf
HAL_Delay                                         ./build/axoloti.elf
HAL_GPIO_DeInit                                   ./build/axoloti.elf
HAL_GPIO_EXTI_Callback                            ./build/axoloti.elf
HAL_GPIO_EXTI_IRQHandler                          ./build/axoloti.elf
HAL_GPIO_Init                                     ./build/axoloti.elf
HAL_GPIO_LockPin                                  ./build/axoloti.elf
HAL_GPIO_ReadPin                                  ./build/axoloti.elf
HAL_GPIO_TogglePin                                ./build/axoloti.elf
HAL_GPIO_WritePin                                 ./build/axoloti.elf
HAL_HCD_Connect_Callback                          ./build/axoloti.elf
HAL_HCD_DeInit                                    ./build/axoloti.elf
HAL_HCD_Disconnect_Callback                       ./build/axoloti.elf
HAL_HCD_GetCurrentFrame                           ./build/axoloti.elf
HAL_HCD_GetCurrentSpeed                           ./build/axoloti.elf
HAL_HCD_GetState                                  ./build/axoloti.elf
HAL_HCD_HC_GetState                               ./build/axoloti.elf
HAL_HCD_HC_GetURBState                            ./build/axoloti.elf
HAL_HCD_HC_GetXferCount                           ./build/axoloti.elf
HAL_HCD_HC_Halt                                   ./build/axoloti.elf
HAL_HCD_HC_Init                                   ./build/axoloti.elf
HAL_HCD_HC_NotifyURBChange_Callback               ./build/axoloti.elf
HAL_HCD_HC_SubmitRequest                          ./build/axoloti.elf
HAL_HCD_IRQHandler                                ./build/axoloti.elf
HAL_HCD_Init                                      ./build/axoloti.elf
HAL_HCD_MspDeInit                                 ./build/axoloti.elf
HAL_HCD_MspInit                                   ./build/axoloti.elf
HAL_HCD_ResetPort                                 ./build/axoloti.elf
HAL_HCD_SOF_Callback                              ./build/axoloti.elf
HAL_HCD_Start                                     ./build/axoloti.elf
HAL_HCD_Stop                                      ./build/axoloti.elf
HAL_NVIC_ClearPendingIRQ                          ./build/axoloti.elf
HAL_NVIC_DisableIRQ                               ./build/axoloti.elf
HAL_NVIC_EnableIRQ                                ./build/axoloti.elf
HAL_NVIC_GetActive                                ./build/axoloti.elf
HAL_NVIC_GetPendingIRQ                            ./build/axoloti.elf
HAL_NVIC_GetPriority                              ./build/axoloti.elf
HAL_NVIC_GetPriorityGrouping                      ./build/axoloti.elf
HAL_NVIC_SetPendingIRQ                            ./build/axoloti.elf
HAL_NVIC_SetPriority                              ./build/axoloti.elf
HAL_NVIC_SetPriorityGrouping                      ./build/axoloti.elf
HAL_NVIC_SystemReset                              ./build/axoloti.elf
HAL_SYSTICK_CLKSourceConfig                       ./build/axoloti.elf
HAL_SYSTICK_Callback                              ./build/axoloti.elf
HAL_SYSTICK_Config                                ./build/axoloti.elf
HAL_SYSTICK_IRQHandler                            ./build/axoloti.elf
HID_Class                                         ./build/axoloti.elf
HID_ReadItem                                      ./build/axoloti.elf
HID_WriteItem                                     ./build/axoloti.elf
HardFaultVector                                   ./build/axoloti.elf
I2CD1                                             ./build/axoloti.elf
I2CD3                                             ./build/axoloti.elf
InitPConnection                                   ./build/axoloti.elf
InitPatch0                                        ./build/axoloti.elf
KVP_ClearObjects                                  ./build/axoloti.elf
KVP_Decrement                                     ./build/axoloti.elf
KVP_Display                                       ./build/axoloti.elf
KVP_DisplayInv                                    ./build/axoloti.elf
KVP_Increment                                     ./build/axoloti.elf
KVP_RegisterObject                                ./build/axoloti.elf
                                                  C:\Users\macke\DOCUME~1\axoloti/build/xpatch.o
KvpsDisplay                                       ./build/axoloti.elf
KvpsHead                                          ./build/axoloti.elf
LCD_clearDisplay                                  ./build/axoloti.elf
LCD_clearPixel                                    ./build/axoloti.elf
LCD_drawChar                                      ./build/axoloti.elf
LCD_drawCharInv                                   ./build/axoloti.elf
LCD_drawIBAR                                      ./build/axoloti.elf
LCD_drawIBARadd                                   ./build/axoloti.elf
LCD_drawNumber3D                                  ./build/axoloti.elf
LCD_drawNumber3DInv                               ./build/axoloti.elf
LCD_drawNumber5D                                  ./build/axoloti.elf
LCD_drawNumber5DInv                               ./build/axoloti.elf
LCD_drawPixel                                     ./build/axoloti.elf
LCD_drawString                                    ./build/axoloti.elf
LCD_drawStringInv                                 ./build/axoloti.elf
LCD_drawStringInvN                                ./build/axoloti.elf
LCD_drawStringN                                   ./build/axoloti.elf
LCD_getPixel                                      ./build/axoloti.elf
LCD_setPixel                                      ./build/axoloti.elf
LCD_updateBoundingBox                             ./build/axoloti.elf
LoadMenu                                          ./build/axoloti.elf
LoadPatch                                         ./build/axoloti.elf
LoadPatchIndexed                                  ./build/axoloti.elf
LoadPatchStartFlash                               ./build/axoloti.elf
LoadPatchStartSD                                  ./build/axoloti.elf
LogTextMessage                                    ./build/axoloti.elf
MDU1                                              ./build/axoloti.elf
MIDI_CB                                           ./build/axoloti.elf
MIDI_Class                                        ./build/axoloti.elf
MIDI_Setup                                        ./build/axoloti.elf
MY_USBH_Init                                      ./build/axoloti.elf
ManipulateFile                                    ./build/axoloti.elf
MemManageVector                                   ./build/axoloti.elf
MidiByte0                                         ./build/axoloti.elf
MidiByte1                                         ./build/axoloti.elf
MidiByte2                                         ./build/axoloti.elf
MidiCurData                                       ./build/axoloti.elf
MidiGetOutputBufferAvailable                      ./build/axoloti.elf
MidiGetOutputBufferPending                        ./build/axoloti.elf
MidiInChannel                                     ./build/axoloti.elf
MidiInMsgHandler                                  ./build/axoloti.elf
MidiNumData                                       ./build/axoloti.elf
MidiSend1                                         ./build/axoloti.elf
                                                  C:\Users\macke\DOCUME~1\axoloti/build/xpatch.o
MidiSend2                                         ./build/axoloti.elf
                                                  C:\Users\macke\DOCUME~1\axoloti/build/xpatch.o
MidiSend3                                         ./build/axoloti.elf
                                                  C:\Users\macke\DOCUME~1\axoloti/build/xpatch.o
MidiSendSysEx                                     ./build/axoloti.elf
Mutex_DMAStream_1_7                               ./build/axoloti.elf
NMIVector                                         ./build/axoloti.elf
ObjectKvpRoot                                     ./build/axoloti.elf
                                                  C:\Users\macke\DOCUME~1\axoloti/build/xpatch.o
ObjectKvps                                        ./build/axoloti.elf
PExModulationSourceChange                         ./build/axoloti.elf
PExParameterChange                                ./build/axoloti.elf
                                                  C:\Users\macke\DOCUME~1\axoloti/build/xpatch.o
PExReceive                                        ./build/axoloti.elf
PExReceiveByte                                    ./build/axoloti.elf
PExTransmit                                       ./build/axoloti.elf
PWMD1                                             ./build/axoloti.elf
PWMD3                                             ./build/axoloti.elf
PWMD4                                             ./build/axoloti.elf
PWMD5                                             ./build/axoloti.elf
PWMD8                                             ./build/axoloti.elf
PatchDispose()                                    C:\Users\macke\DOCUME~1\axoloti/build/xpatch.o
PatchMidiInHandler(midi_device_t, unsigned char, unsigned char, unsigned char, unsigned char) C:\Users\macke\DOCUME~1\axoloti/build/xpatch.o
PatchProcess(long*, long*)                        C:\Users\macke\DOCUME~1\axoloti/build/xpatch.o
PendSVVector                                      ./build/axoloti.elf
ReadDirectoryListing                              ./build/axoloti.elf
ReplyFWVersion                                    ./build/axoloti.elf
ResetHandler                                      ./build/axoloti.elf
SD1                                               ./build/axoloti.elf
SD2                                               ./build/axoloti.elf
SD3                                               ./build/axoloti.elf
SD6                                               ./build/axoloti.elf
SDCD1                                             ./build/axoloti.elf
SDC_FS                                            ./build/axoloti.elf
SDRAM_Init                                        ./build/axoloti.elf
SDRAM_InitSequence                                ./build/axoloti.elf
SDRAM_ReadBuffer                                  ./build/axoloti.elf
SDRAM_WriteBuffer                                 ./build/axoloti.elf
SPID1                                             ./build/axoloti.elf
SPID3                                             ./build/axoloti.elf
SVCallVector                                      ./build/axoloti.elf
SetKVP_APVP                                       ./build/axoloti.elf
SetKVP_AVP                                        ./build/axoloti.elf
SetKVP_FNCTN                                      ./build/axoloti.elf
SetKVP_IPVP                                       ./build/axoloti.elf
                                                  C:\Users\macke\DOCUME~1\axoloti/build/xpatch.o
SetKVP_IVP                                        ./build/axoloti.elf
StartPatch                                        ./build/axoloti.elf
StopPatch                                         ./build/axoloti.elf
SysMsgLengthLookup                                ./build/axoloti.elf
SysTickVector                                     ./build/axoloti.elf
TmpMenuKvps                                       ./build/axoloti.elf
TransmitDisplayPckt                               ./build/axoloti.elf
TransmitLCDoverUSB                                ./build/axoloti.elf
UIGoSafe                                          ./build/axoloti.elf
USBD1                                             ./build/axoloti.elf
USBH_AllocPipe                                    ./build/axoloti.elf
USBH_BulkReceiveData                              ./build/axoloti.elf
USBH_BulkSendData                                 ./build/axoloti.elf
USBH_ClosePipe                                    ./build/axoloti.elf
USBH_ClrFeature                                   ./build/axoloti.elf
USBH_CtlReceiveData                               ./build/axoloti.elf
USBH_CtlReq                                       ./build/axoloti.elf
USBH_CtlSendData                                  ./build/axoloti.elf
USBH_CtlSendSetup                                 ./build/axoloti.elf
USBH_DeInit                                       ./build/axoloti.elf
USBH_Delay                                        ./build/axoloti.elf
USBH_FindInterface                                ./build/axoloti.elf
USBH_FindInterfaceIndex                           ./build/axoloti.elf
USBH_FreePipe                                     ./build/axoloti.elf
USBH_GetActiveClass                               ./build/axoloti.elf
USBH_GetDescriptor                                ./build/axoloti.elf
USBH_GetNextDesc                                  ./build/axoloti.elf
USBH_Get_CfgDesc                                  ./build/axoloti.elf
USBH_Get_DevDesc                                  ./build/axoloti.elf
USBH_Get_StringDesc                               ./build/axoloti.elf
USBH_HID_EventCallback                            ./build/axoloti.elf
USBH_HID_GetASCIICode                             ./build/axoloti.elf
USBH_HID_GetDeviceType                            ./build/axoloti.elf
USBH_HID_GetHIDDescriptor                         ./build/axoloti.elf
USBH_HID_GetHIDReportDescriptor                   ./build/axoloti.elf
USBH_HID_GetKeybdInfo                             ./build/axoloti.elf
USBH_HID_GetMouseInfo                             ./build/axoloti.elf
USBH_HID_GetPollInterval                          ./build/axoloti.elf
USBH_HID_GetReport                                ./build/axoloti.elf
USBH_HID_KeybdInit                                ./build/axoloti.elf
USBH_HID_MouseInit                                ./build/axoloti.elf
USBH_HID_SetIdle                                  ./build/axoloti.elf
USBH_HID_SetProtocol                              ./build/axoloti.elf
USBH_HID_SetReport                                ./build/axoloti.elf
USBH_Init                                         ./build/axoloti.elf
USBH_InterruptReceiveData                         ./build/axoloti.elf
USBH_InterruptSendData                            ./build/axoloti.elf
USBH_IsocReceiveData                              ./build/axoloti.elf
USBH_IsocSendData                                 ./build/axoloti.elf
USBH_LL_ClosePipe                                 ./build/axoloti.elf
USBH_LL_Connect                                   ./build/axoloti.elf
USBH_LL_DeInit                                    ./build/axoloti.elf
USBH_LL_Disconnect                                ./build/axoloti.elf
USBH_LL_DriverVBUS                                ./build/axoloti.elf
USBH_LL_GetLastXferSize                           ./build/axoloti.elf
USBH_LL_GetSpeed                                  ./build/axoloti.elf
USBH_LL_GetToggle                                 ./build/axoloti.elf
USBH_LL_IncTimer                                  ./build/axoloti.elf
USBH_LL_Init                                      ./build/axoloti.elf
USBH_LL_NotifyURBChange                           ./build/axoloti.elf
USBH_LL_OpenPipe                                  ./build/axoloti.elf
USBH_LL_ResetPort                                 ./build/axoloti.elf
USBH_LL_SetTimer                                  ./build/axoloti.elf
USBH_LL_SetToggle                                 ./build/axoloti.elf
USBH_LL_Start                                     ./build/axoloti.elf
USBH_LL_Stop                                      ./build/axoloti.elf
USBH_MIDI_ClassRequest                            ./build/axoloti.elf
USBH_MIDI_InterfaceDeInit                         ./build/axoloti.elf
USBH_MIDI_InterfaceInit                           ./build/axoloti.elf
USBH_MIDI_Process                                 ./build/axoloti.elf
USBH_MIDI_ProcessInput                            ./build/axoloti.elf
USBH_MIDI_ProcessOutput                           ./build/axoloti.elf
USBH_MIDI_SOFProcess                              ./build/axoloti.elf
USBH_OpenPipe                                     ./build/axoloti.elf
USBH_Process                                      ./build/axoloti.elf
USBH_ReEnumerate                                  ./build/axoloti.elf
USBH_RegisterClass                                ./build/axoloti.elf
USBH_SelectInterface                              ./build/axoloti.elf
USBH_SetAddress                                   ./build/axoloti.elf
USBH_SetCfg                                       ./build/axoloti.elf
USBH_SetInterface                                 ./build/axoloti.elf
USBH_Start                                        ./build/axoloti.elf
USBH_Stop                                         ./build/axoloti.elf
USB_ActivateDedicatedEndpoint                     ./build/axoloti.elf
USB_ActivateEndpoint                              ./build/axoloti.elf
USB_ActivateSetup                                 ./build/axoloti.elf
USB_ClearInterrupts                               ./build/axoloti.elf
USB_CoreInit                                      ./build/axoloti.elf
USB_DeactivateDedicatedEndpoint                   ./build/axoloti.elf
USB_DeactivateEndpoint                            ./build/axoloti.elf
USB_DevConnect                                    ./build/axoloti.elf
USB_DevDisconnect                                 ./build/axoloti.elf
USB_DevInit                                       ./build/axoloti.elf
USB_DisableGlobalInt                              ./build/axoloti.elf
USB_DoPing                                        ./build/axoloti.elf
USB_DriveVbus                                     ./build/axoloti.elf
USB_EP0StartXfer                                  ./build/axoloti.elf
USB_EP0_OutStart                                  ./build/axoloti.elf
USB_EPClearStall                                  ./build/axoloti.elf
USB_EPSetStall                                    ./build/axoloti.elf
USB_EPStartXfer                                   ./build/axoloti.elf
USB_EnableGlobalInt                               ./build/axoloti.elf
USB_FlushRxFifo                                   ./build/axoloti.elf
USB_FlushTxFifo                                   ./build/axoloti.elf
USB_GetCurrentFrame                               ./build/axoloti.elf
USB_GetDevSpeed                                   ./build/axoloti.elf
USB_GetHostSpeed                                  ./build/axoloti.elf
USB_GetMode                                       ./build/axoloti.elf
USB_HC_Halt                                       ./build/axoloti.elf
USB_HC_Init                                       ./build/axoloti.elf
USB_HC_ReadInterrupt                              ./build/axoloti.elf
USB_HC_StartXfer                                  ./build/axoloti.elf
USB_HostInit                                      ./build/axoloti.elf
USB_InitFSLSPClkSel                               ./build/axoloti.elf
USB_ReadDevAllInEpInterrupt                       ./build/axoloti.elf
USB_ReadDevAllOutEpInterrupt                      ./build/axoloti.elf
USB_ReadDevInEPInterrupt                          ./build/axoloti.elf
USB_ReadDevOutEPInterrupt                         ./build/axoloti.elf
USB_ReadInterrupts                                ./build/axoloti.elf
USB_ReadPacket                                    ./build/axoloti.elf
USB_ResetPort                                     ./build/axoloti.elf
USB_SetCurrentMode                                ./build/axoloti.elf
USB_SetDevAddress                                 ./build/axoloti.elf
USB_SetDevSpeed                                   ./build/axoloti.elf
USB_StopDevice                                    ./build/axoloti.elf
USB_StopHost                                      ./build/axoloti.elf
USB_WritePacket                                   ./build/axoloti.elf
UsageFaultVector                                  ./build/axoloti.elf
Vector100                                         ./build/axoloti.elf
Vector104                                         ./build/axoloti.elf
Vector108                                         ./build/axoloti.elf
Vector10C                                         ./build/axoloti.elf
Vector110                                         ./build/axoloti.elf
Vector114                                         ./build/axoloti.elf
Vector118                                         ./build/axoloti.elf
Vector11C                                         ./build/axoloti.elf
Vector120                                         ./build/axoloti.elf
Vector124                                         ./build/axoloti.elf
Vector128                                         ./build/axoloti.elf
Vector12C                                         ./build/axoloti.elf
Vector130                                         ./build/axoloti.elf
Vector134                                         ./build/axoloti.elf
Vector138                                         ./build/axoloti.elf
Vector13C                                         ./build/axoloti.elf
Vector140                                         ./build/axoloti.elf
Vector144                                         ./build/axoloti.elf
Vector148                                         ./build/axoloti.elf
Vector14C                                         ./build/axoloti.elf
Vector150                                         ./build/axoloti.elf
Vector154                                         ./build/axoloti.elf
Vector158                                         ./build/axoloti.elf
Vector15C                                         ./build/axoloti.elf
Vector160                                         ./build/axoloti.elf
Vector164                                         ./build/axoloti.elf
Vector168                                         ./build/axoloti.elf
Vector16C                                         ./build/axoloti.elf
Vector170                                         ./build/axoloti.elf
Vector174                                         ./build/axoloti.elf
Vector178                                         ./build/axoloti.elf
Vector17C                                         ./build/axoloti.elf
Vector180                                         ./build/axoloti.elf
Vector184                                         ./build/axoloti.elf
Vector188                                         ./build/axoloti.elf
Vector18C                                         ./build/axoloti.elf
Vector190                                         ./build/axoloti.elf
Vector194                                         ./build/axoloti.elf
Vector198                                         ./build/axoloti.elf
Vector19C                                         ./build/axoloti.elf
Vector1A0                                         ./build/axoloti.elf
Vector1A4                                         ./build/axoloti.elf
Vector1A8                                         ./build/axoloti.elf
Vector1C                                          ./build/axoloti.elf
Vector20                                          ./build/axoloti.elf
Vector24                                          ./build/axoloti.elf
Vector28                                          ./build/axoloti.elf
Vector34                                          ./build/axoloti.elf
Vector40                                          ./build/axoloti.elf
Vector44                                          ./build/axoloti.elf
Vector48                                          ./build/axoloti.elf
Vector4C                                          ./build/axoloti.elf
Vector50                                          ./build/axoloti.elf
Vector54                                          ./build/axoloti.elf
Vector58                                          ./build/axoloti.elf
Vector5C                                          ./build/axoloti.elf
Vector60                                          ./build/axoloti.elf
Vector64                                          ./build/axoloti.elf
Vector68                                          ./build/axoloti.elf
Vector6C                                          ./build/axoloti.elf
Vector70                                          ./build/axoloti.elf
Vector74                                          ./build/axoloti.elf
Vector78                                          ./build/axoloti.elf
Vector7C                                          ./build/axoloti.elf
Vector80                                          ./build/axoloti.elf
Vector84                                          ./build/axoloti.elf
Vector88                                          ./build/axoloti.elf
Vector8C                                          ./build/axoloti.elf
Vector90                                          ./build/axoloti.elf
Vector94                                          ./build/axoloti.elf
Vector98                                          ./build/axoloti.elf
Vector9C                                          ./build/axoloti.elf
VectorA0                                          ./build/axoloti.elf
VectorA4                                          ./build/axoloti.elf
VectorA8                                          ./build/axoloti.elf
VectorAC                                          ./build/axoloti.elf
VectorB0                                          ./build/axoloti.elf
VectorB4                                          ./build/axoloti.elf
VectorB8                                          ./build/axoloti.elf
VectorBC                                          ./build/axoloti.elf
VectorC0                                          ./build/axoloti.elf
VectorC4                                          ./build/axoloti.elf
VectorC8                                          ./build/axoloti.elf
VectorCC                                          ./build/axoloti.elf
VectorD0                                          ./build/axoloti.elf
VectorD4                                          ./build/axoloti.elf
VectorD8                                          ./build/axoloti.elf
VectorDC                                          ./build/axoloti.elf
VectorE0                                          ./build/axoloti.elf
VectorE4                                          ./build/axoloti.elf
VectorE8                                          ./build/axoloti.elf
VectorEC                                          ./build/axoloti.elf
VectorF0                                          ./build/axoloti.elf
VectorF4                                          ./build/axoloti.elf
VectorF8                                          ./build/axoloti.elf
VectorFC                                          ./build/axoloti.elf
Vendor_Class                                      ./build/axoloti.elf
_Unwind_Backtrace                                 ./build/axoloti.elf
_Unwind_Complete                                  ./build/axoloti.elf
_Unwind_DeleteException                           ./build/axoloti.elf
_Unwind_ForcedUnwind                              ./build/axoloti.elf
_Unwind_GetCFA                                    ./build/axoloti.elf
_Unwind_GetDataRelBase                            ./build/axoloti.elf
_Unwind_GetLanguageSpecificData                   ./build/axoloti.elf
_Unwind_GetRegionStart                            ./build/axoloti.elf
_Unwind_GetTextRelBase                            ./build/axoloti.elf
_Unwind_RaiseException                            ./build/axoloti.elf
_Unwind_Resume                                    ./build/axoloti.elf
_Unwind_Resume_or_Rethrow                         ./build/axoloti.elf
_Unwind_VRS_Get                                   ./build/axoloti.elf
_Unwind_VRS_Pop                                   ./build/axoloti.elf
_Unwind_VRS_Set                                   ./build/axoloti.elf
___Unwind_Backtrace                               ./build/axoloti.elf
___Unwind_ForcedUnwind                            ./build/axoloti.elf
___Unwind_RaiseException                          ./build/axoloti.elf
___Unwind_Resume                                  ./build/axoloti.elf
___Unwind_Resume_or_Rethrow                       ./build/axoloti.elf
__adddf3                                          ./build/axoloti.elf
__aeabi_cdcmpeq                                   ./build/axoloti.elf
__aeabi_cdcmple                                   ./build/axoloti.elf
__aeabi_cdrcmple                                  ./build/axoloti.elf
__aeabi_d2f                                       ./build/axoloti.elf
__aeabi_d2iz                                      ./build/axoloti.elf
__aeabi_d2uiz                                     ./build/axoloti.elf
__aeabi_dadd                                      ./build/axoloti.elf
__aeabi_dcmpeq                                    ./build/axoloti.elf
__aeabi_dcmpge                                    ./build/axoloti.elf
__aeabi_dcmpgt                                    ./build/axoloti.elf
__aeabi_dcmple                                    ./build/axoloti.elf
__aeabi_dcmplt                                    ./build/axoloti.elf
__aeabi_ddiv                                      ./build/axoloti.elf
__aeabi_dmul                                      ./build/axoloti.elf
__aeabi_drsub                                     ./build/axoloti.elf
__aeabi_dsub                                      ./build/axoloti.elf
__aeabi_f2d                                       ./build/axoloti.elf
__aeabi_i2d                                       ./build/axoloti.elf
__aeabi_l2d                                       ./build/axoloti.elf
__aeabi_ui2d                                      ./build/axoloti.elf
__aeabi_ul2d                                      ./build/axoloti.elf
__aeabi_unwind_cpp_pr0                            ./build/axoloti.elf
__aeabi_unwind_cpp_pr1                            ./build/axoloti.elf
__aeabi_unwind_cpp_pr2                            ./build/axoloti.elf
__cmpdf2                                          ./build/axoloti.elf
__ctor_array_end                                  C:\Users\macke\DOCUME~1\axoloti/build/xpatch.o
__ctor_array_start                                C:\Users\macke\DOCUME~1\axoloti/build/xpatch.o
__cxa_begin_cleanup                               ./build/axoloti.elf
__cxa_call_unexpected                             ./build/axoloti.elf
__cxa_type_match                                  ./build/axoloti.elf
__divdf3                                          ./build/axoloti.elf
__dtor_array_end                                  C:\Users\macke\DOCUME~1\axoloti/build/xpatch.o
__dtor_array_start                                C:\Users\macke\DOCUME~1\axoloti/build/xpatch.o
__early_init                                      ./build/axoloti.elf
__eqdf2                                           ./build/axoloti.elf
__errno                                           ./build/axoloti.elf
__exidx_end                                       ./build/axoloti.elf
__exidx_start                                     ./build/axoloti.elf
__extendsfdf2                                     ./build/axoloti.elf
__fdlib_version                                   ./build/axoloti.elf
__fini_array_end                                  ./build/axoloti.elf
__fini_array_start                                ./build/axoloti.elf
__fixdfsi                                         ./build/axoloti.elf
__fixunsdfsi                                      ./build/axoloti.elf
__floatdidf                                       ./build/axoloti.elf
__floatsidf                                       ./build/axoloti.elf
__floatundidf                                     ./build/axoloti.elf
__floatunsidf                                     ./build/axoloti.elf
__fpclassifyd                                     ./build/axoloti.elf
__fpclassifyf                                     ./build/axoloti.elf
__gedf2                                           ./build/axoloti.elf
__gnu_Unwind_Backtrace                            ./build/axoloti.elf
__gnu_Unwind_Find_exidx                           ./build/axoloti.elf
__gnu_Unwind_ForcedUnwind                         ./build/axoloti.elf
__gnu_Unwind_RaiseException                       ./build/axoloti.elf
__gnu_Unwind_Restore_VFP                          ./build/axoloti.elf
__gnu_Unwind_Restore_VFP_D                        ./build/axoloti.elf
__gnu_Unwind_Restore_VFP_D_16_to_31               ./build/axoloti.elf
__gnu_Unwind_Restore_WMMXC                        ./build/axoloti.elf
__gnu_Unwind_Restore_WMMXD                        ./build/axoloti.elf
__gnu_Unwind_Resume                               ./build/axoloti.elf
__gnu_Unwind_Resume_or_Rethrow                    ./build/axoloti.elf
__gnu_Unwind_Save_VFP                             ./build/axoloti.elf
__gnu_Unwind_Save_VFP_D                           ./build/axoloti.elf
__gnu_Unwind_Save_VFP_D_16_to_31                  ./build/axoloti.elf
__gnu_Unwind_Save_WMMXC                           ./build/axoloti.elf
__gnu_Unwind_Save_WMMXD                           ./build/axoloti.elf
__gnu_unwind_execute                              ./build/axoloti.elf
__gnu_unwind_frame                                ./build/axoloti.elf
__gtdf2                                           ./build/axoloti.elf
__heap_base__                                     ./build/axoloti.elf
__heap_end__                                      ./build/axoloti.elf
__ieee754_log                                     ./build/axoloti.elf
__ieee754_pow                                     ./build/axoloti.elf
__ieee754_powf                                    ./build/axoloti.elf
__ieee754_rem_pio2f                               ./build/axoloti.elf
__ieee754_sqrt                                    ./build/axoloti.elf
__ieee754_sqrtf                                   ./build/axoloti.elf
__init_array_end                                  ./build/axoloti.elf
__init_array_start                                ./build/axoloti.elf
__kernel_cosf                                     ./build/axoloti.elf
__kernel_rem_pio2f                                ./build/axoloti.elf
__kernel_sinf                                     ./build/axoloti.elf
__late_init                                       ./build/axoloti.elf
__ledf2                                           ./build/axoloti.elf
__ltdf2                                           ./build/axoloti.elf
__main_stack_base__                               ./build/axoloti.elf
__main_stack_end__                                ./build/axoloti.elf
__main_stack_size__                               ./build/axoloti.elf
__main_thread_stack_base__                        ./build/axoloti.elf
__main_thread_stack_end__                         ./build/axoloti.elf
__malloc_av_                                      ./build/axoloti.elf
__malloc_current_mallinfo                         ./build/axoloti.elf
__malloc_lock                                     ./build/axoloti.elf
__malloc_max_sbrked_mem                           ./build/axoloti.elf
__malloc_max_total_mem                            ./build/axoloti.elf
__malloc_sbrk_base                                ./build/axoloti.elf
__malloc_top_pad                                  ./build/axoloti.elf
__malloc_trim_threshold                           ./build/axoloti.elf
__malloc_unlock                                   ./build/axoloti.elf
__muldf3                                          ./build/axoloti.elf
__nedf2                                           ./build/axoloti.elf
__process_stack_base__                            ./build/axoloti.elf
__process_stack_end__                             ./build/axoloti.elf
__process_stack_size__                            ./build/axoloti.elf
__ram_end__                                       ./build/axoloti.elf
__ram_size__                                      ./build/axoloti.elf
__ram_start__                                     ./build/axoloti.elf
__restore_core_regs                               ./build/axoloti.elf
__sdram_end__                                     ./build/axoloti.elf
__sdram_size__                                    ./build/axoloti.elf
__sdram_start__                                   ./build/axoloti.elf
__sigtramp                                        ./build/axoloti.elf
__sigtramp_r                                      ./build/axoloti.elf
__subdf3                                          ./build/axoloti.elf
__truncdfsf2                                      ./build/axoloti.elf
_bss_end                                          ./build/axoloti.elf
_bss_start                                        ./build/axoloti.elf
_core_init                                        ./build/axoloti.elf
_data                                             ./build/axoloti.elf
_default_exit                                     ./build/axoloti.elf
_edata                                            ./build/axoloti.elf
_end                                              ./build/axoloti.elf
_etext                                            ./build/axoloti.elf
_exit                                             ./build/axoloti.elf
_flash_end                                        ./build/axoloti.elf
_free_r                                           ./build/axoloti.elf
_getpid                                           ./build/axoloti.elf
_getpid_r                                         ./build/axoloti.elf
_global_impure_ptr                                ./build/axoloti.elf
_heap_init                                        ./build/axoloti.elf
_idle_thread                                      ./build/axoloti.elf
_idle_thread_wa                                   ./build/axoloti.elf
_impure_ptr                                       ./build/axoloti.elf
_init_signal                                      ./build/axoloti.elf
_init_signal_r                                    ./build/axoloti.elf
_kill                                             ./build/axoloti.elf
_kill_r                                           ./build/axoloti.elf
_malloc_r                                         ./build/axoloti.elf
_malloc_trim_r                                    ./build/axoloti.elf
_pal_lld_init                                     ./build/axoloti.elf
_pal_lld_setgroupmode                             ./build/axoloti.elf
                                                  C:\Users\macke\DOCUME~1\axoloti/build/xpatch.o
_pbss_end                                         C:\Users\macke\DOCUME~1\axoloti/build/xpatch.o
_pbss_start                                       C:\Users\macke\DOCUME~1\axoloti/build/xpatch.o
_port_init                                        ./build/axoloti.elf
_port_irq_epilogue                                ./build/axoloti.elf
_port_switch                                      ./build/axoloti.elf
_port_switch_from_isr                             ./build/axoloti.elf
_port_thread_start                                ./build/axoloti.elf
_raise_r                                          ./build/axoloti.elf
_reclaim_reent                                    ./build/axoloti.elf
_sbrk                                             ./build/axoloti.elf
_sbrk_r                                           ./build/axoloti.elf
_scheduler_init                                   ./build/axoloti.elf
_sdc_wait_for_transfer_state                      ./build/axoloti.elf
_sdram_dyn_end                                    C:\Users\macke\DOCUME~1\axoloti/build/xpatch.o
_sdram_dyn_start                                  C:\Users\macke\DOCUME~1\axoloti/build/xpatch.o
_signal_r                                         ./build/axoloti.elf
_stm32_dma_streams                                ./build/axoloti.elf
_text                                             ./build/axoloti.elf
_textdata                                         ./build/axoloti.elf
_thread_init                                      ./build/axoloti.elf
_thread_memfill                                   ./build/axoloti.elf
_unhandled_exception                              ./build/axoloti.elf
_usb_ep0in                                        ./build/axoloti.elf
_usb_ep0out                                       ./build/axoloti.elf
_usb_ep0setup                                     ./build/axoloti.elf
_usb_reset                                        ./build/axoloti.elf
_vectors                                          ./build/axoloti.elf
_vt_init                                          ./build/axoloti.elf
_write                                            ./build/axoloti.elf
abort                                             ./build/axoloti.elf
adcAcquireBus                                     ./build/axoloti.elf
adcConvert                                        ./build/axoloti.elf
adcInit                                           ./build/axoloti.elf
adcObjectInit                                     ./build/axoloti.elf
adcReleaseBus                                     ./build/axoloti.elf
adcSTM32DisableTSVREFE                            ./build/axoloti.elf
adcSTM32DisableVBATE                              ./build/axoloti.elf
adcSTM32EnableTSVREFE                             ./build/axoloti.elf
adcSTM32EnableVBATE                               ./build/axoloti.elf
adcStart                                          ./build/axoloti.elf
adcStartConversion                                ./build/axoloti.elf
adcStartConversionI                               ./build/axoloti.elf
adcStop                                           ./build/axoloti.elf
adcStopConversion                                 ./build/axoloti.elf
adcStopConversionI                                ./build/axoloti.elf
adc_configpads                                    ./build/axoloti.elf
adc_convert                                       ./build/axoloti.elf
adc_init                                          ./build/axoloti.elf
adc_lld_init                                      ./build/axoloti.elf
adc_lld_start                                     ./build/axoloti.elf
adc_lld_start_conversion                          ./build/axoloti.elf
adc_lld_stop                                      ./build/axoloti.elf
adc_lld_stop_conversion                           ./build/axoloti.elf
adcvalues                                         ./build/axoloti.elf
                                                  C:\Users\macke\DOCUME~1\axoloti/build/xpatch.o
armBitRevIndexTable1024                           ./build/axoloti.elf
armBitRevIndexTable128                            ./build/axoloti.elf
armBitRevIndexTable16                             ./build/axoloti.elf
armBitRevIndexTable2048                           ./build/axoloti.elf
armBitRevIndexTable256                            ./build/axoloti.elf
armBitRevIndexTable32                             ./build/axoloti.elf
armBitRevIndexTable4096                           ./build/axoloti.elf
armBitRevIndexTable512                            ./build/axoloti.elf
armBitRevIndexTable64                             ./build/axoloti.elf
armBitRevIndexTable_fixed_1024                    ./build/axoloti.elf
armBitRevIndexTable_fixed_128                     ./build/axoloti.elf
armBitRevIndexTable_fixed_16                      ./build/axoloti.elf
armBitRevIndexTable_fixed_2048                    ./build/axoloti.elf
armBitRevIndexTable_fixed_256                     ./build/axoloti.elf
armBitRevIndexTable_fixed_32                      ./build/axoloti.elf
armBitRevIndexTable_fixed_4096                    ./build/axoloti.elf
armBitRevIndexTable_fixed_512                     ./build/axoloti.elf
armBitRevIndexTable_fixed_64                      ./build/axoloti.elf
armBitRevTable                                    ./build/axoloti.elf
armRecipTableQ15                                  ./build/axoloti.elf
armRecipTableQ31                                  ./build/axoloti.elf
arm_biquad_cas_df1_32x64_init_q31                 ./build/axoloti.elf
arm_biquad_cas_df1_32x64_q31                      ./build/axoloti.elf
arm_biquad_cascade_df1_fast_q31                   ./build/axoloti.elf
arm_biquad_cascade_df1_init_q31                   ./build/axoloti.elf
arm_biquad_cascade_df1_q31                        ./build/axoloti.elf
arm_bitreversal_16                                ./build/axoloti.elf
arm_bitreversal_32                                ./build/axoloti.elf
arm_bitreversal_f32                               ./build/axoloti.elf
arm_bitreversal_q15                               ./build/axoloti.elf
arm_bitreversal_q31                               ./build/axoloti.elf
arm_cfft_f32                                      ./build/axoloti.elf
arm_cfft_q15                                      ./build/axoloti.elf
arm_cfft_q31                                      ./build/axoloti.elf
arm_cfft_radix2_f32                               ./build/axoloti.elf
arm_cfft_radix2_init_f32                          ./build/axoloti.elf
arm_cfft_radix2_init_q15                          ./build/axoloti.elf
arm_cfft_radix2_init_q31                          ./build/axoloti.elf
arm_cfft_radix2_q15                               ./build/axoloti.elf
arm_cfft_radix2_q31                               ./build/axoloti.elf
arm_cfft_radix4_f32                               ./build/axoloti.elf
arm_cfft_radix4_init_f32                          ./build/axoloti.elf
arm_cfft_radix4_init_q15                          ./build/axoloti.elf
arm_cfft_radix4_init_q31                          ./build/axoloti.elf
arm_cfft_radix4_q15                               ./build/axoloti.elf
arm_cfft_radix4_q31                               ./build/axoloti.elf
arm_cfft_radix4by2_inverse_q15                    ./build/axoloti.elf
arm_cfft_radix4by2_inverse_q31                    ./build/axoloti.elf
arm_cfft_radix4by2_q15                            ./build/axoloti.elf
arm_cfft_radix4by2_q31                            ./build/axoloti.elf
arm_cfft_radix8by2_f32                            ./build/axoloti.elf
arm_cfft_radix8by4_f32                            ./build/axoloti.elf
arm_cfft_sR_f32_len1024                           ./build/axoloti.elf
arm_cfft_sR_f32_len128                            ./build/axoloti.elf
arm_cfft_sR_f32_len16                             ./build/axoloti.elf
arm_cfft_sR_f32_len2048                           ./build/axoloti.elf
arm_cfft_sR_f32_len256                            ./build/axoloti.elf
arm_cfft_sR_f32_len32                             ./build/axoloti.elf
arm_cfft_sR_f32_len4096                           ./build/axoloti.elf
arm_cfft_sR_f32_len512                            ./build/axoloti.elf
arm_cfft_sR_f32_len64                             ./build/axoloti.elf
arm_cfft_sR_q15_len1024                           ./build/axoloti.elf
arm_cfft_sR_q15_len128                            ./build/axoloti.elf
arm_cfft_sR_q15_len16                             ./build/axoloti.elf
arm_cfft_sR_q15_len2048                           ./build/axoloti.elf
arm_cfft_sR_q15_len256                            ./build/axoloti.elf
arm_cfft_sR_q15_len32                             ./build/axoloti.elf
arm_cfft_sR_q15_len4096                           ./build/axoloti.elf
arm_cfft_sR_q15_len512                            ./build/axoloti.elf
arm_cfft_sR_q15_len64                             ./build/axoloti.elf
arm_cfft_sR_q31_len1024                           ./build/axoloti.elf
arm_cfft_sR_q31_len128                            ./build/axoloti.elf
arm_cfft_sR_q31_len16                             ./build/axoloti.elf
arm_cfft_sR_q31_len2048                           ./build/axoloti.elf
arm_cfft_sR_q31_len256                            ./build/axoloti.elf
arm_cfft_sR_q31_len32                             ./build/axoloti.elf
arm_cfft_sR_q31_len4096                           ./build/axoloti.elf
arm_cfft_sR_q31_len512                            ./build/axoloti.elf
arm_cfft_sR_q31_len64                             ./build/axoloti.elf
arm_cmplx_mag_q15                                 ./build/axoloti.elf
arm_cmplx_mag_q31                                 ./build/axoloti.elf
arm_cmplx_mult_cmplx_f32                          ./build/axoloti.elf
arm_cmplx_mult_cmplx_q15                          ./build/axoloti.elf
arm_cmplx_mult_cmplx_q31                          ./build/axoloti.elf
arm_cos_q31                                       ./build/axoloti.elf
                                                  C:\Users\macke\DOCUME~1\axoloti/build/xpatch.o
arm_fir_decimate_fast_q31                         ./build/axoloti.elf
arm_fir_decimate_init_q31                         ./build/axoloti.elf
arm_fir_decimate_q31                              ./build/axoloti.elf
arm_fir_fast_q31                                  ./build/axoloti.elf
arm_fir_init_q31                                  ./build/axoloti.elf
arm_fir_interpolate_init_q31                      ./build/axoloti.elf
arm_fir_interpolate_q31                           ./build/axoloti.elf
arm_fir_lattice_init_q31                          ./build/axoloti.elf
arm_fir_lattice_q31                               ./build/axoloti.elf
arm_iir_lattice_init_q31                          ./build/axoloti.elf
arm_iir_lattice_q31                               ./build/axoloti.elf
arm_mult_f32                                      ./build/axoloti.elf
arm_mult_q15                                      ./build/axoloti.elf
arm_mult_q31                                      ./build/axoloti.elf
arm_radix2_butterfly_f32                          ./build/axoloti.elf
arm_radix2_butterfly_inverse_f32                  ./build/axoloti.elf
arm_radix2_butterfly_inverse_q15                  ./build/axoloti.elf
arm_radix2_butterfly_inverse_q31                  ./build/axoloti.elf
arm_radix2_butterfly_q15                          ./build/axoloti.elf
arm_radix2_butterfly_q31                          ./build/axoloti.elf
arm_radix4_butterfly_f32                          ./build/axoloti.elf
arm_radix4_butterfly_inverse_f32                  ./build/axoloti.elf
arm_radix4_butterfly_inverse_q15                  ./build/axoloti.elf
arm_radix4_butterfly_inverse_q31                  ./build/axoloti.elf
arm_radix4_butterfly_q15                          ./build/axoloti.elf
arm_radix4_butterfly_q31                          ./build/axoloti.elf
arm_radix8_butterfly_f32                          ./build/axoloti.elf
arm_rfft_f32                                      ./build/axoloti.elf
arm_rfft_fast_f32                                 ./build/axoloti.elf
arm_rfft_fast_init_f32                            ./build/axoloti.elf
arm_rfft_fast_sR_f32_len1024                      ./build/axoloti.elf
arm_rfft_fast_sR_f32_len128                       ./build/axoloti.elf
arm_rfft_fast_sR_f32_len2048                      ./build/axoloti.elf
arm_rfft_fast_sR_f32_len256                       ./build/axoloti.elf
arm_rfft_fast_sR_f32_len32                        ./build/axoloti.elf
arm_rfft_fast_sR_f32_len4096                      ./build/axoloti.elf
arm_rfft_fast_sR_f32_len512                       ./build/axoloti.elf
arm_rfft_fast_sR_f32_len64                        ./build/axoloti.elf
arm_rfft_init_f32                                 ./build/axoloti.elf
arm_rfft_init_q15                                 ./build/axoloti.elf
arm_rfft_init_q31                                 ./build/axoloti.elf
arm_rfft_q15                                      ./build/axoloti.elf
arm_rfft_q31                                      ./build/axoloti.elf
arm_rfft_sR_q15_len1024                           ./build/axoloti.elf
arm_rfft_sR_q15_len128                            ./build/axoloti.elf
arm_rfft_sR_q15_len2048                           ./build/axoloti.elf
arm_rfft_sR_q15_len256                            ./build/axoloti.elf
arm_rfft_sR_q15_len32                             ./build/axoloti.elf
arm_rfft_sR_q15_len4096                           ./build/axoloti.elf
arm_rfft_sR_q15_len512                            ./build/axoloti.elf
arm_rfft_sR_q15_len64                             ./build/axoloti.elf
arm_rfft_sR_q15_len8192                           ./build/axoloti.elf
arm_rfft_sR_q31_len1024                           ./build/axoloti.elf
arm_rfft_sR_q31_len128                            ./build/axoloti.elf
arm_rfft_sR_q31_len2048                           ./build/axoloti.elf
arm_rfft_sR_q31_len256                            ./build/axoloti.elf
arm_rfft_sR_q31_len32                             ./build/axoloti.elf
arm_rfft_sR_q31_len4096                           ./build/axoloti.elf
arm_rfft_sR_q31_len512                            ./build/axoloti.elf
arm_rfft_sR_q31_len64                             ./build/axoloti.elf
arm_rfft_sR_q31_len8192                           ./build/axoloti.elf
arm_scale_f32                                     ./build/axoloti.elf
arm_shift_q15                                     ./build/axoloti.elf
arm_shift_q31                                     ./build/axoloti.elf
arm_sin_q31                                       ./build/axoloti.elf
                                                  C:\Users\macke\DOCUME~1\axoloti/build/xpatch.o
arm_split_rfft_f32                                ./build/axoloti.elf
arm_split_rfft_q15                                ./build/axoloti.elf
arm_split_rfft_q31                                ./build/axoloti.elf
arm_split_rifft_f32                               ./build/axoloti.elf
arm_split_rifft_q15                               ./build/axoloti.elf
arm_split_rifft_q31                               ./build/axoloti.elf
arm_sqrt_q15                                      ./build/axoloti.elf
arm_sqrt_q31                                      ./build/axoloti.elf
axoloti_board_init                                ./build/axoloti.elf
axoloti_control_init                              ./build/axoloti.elf
axoloti_init                                      ./build/axoloti.elf
axoloti_math_init                                 ./build/axoloti.elf
bduConfigureHookI                                 ./build/axoloti.elf
bduDataReceived                                   ./build/axoloti.elf
bduDataTransmitted                                ./build/axoloti.elf
bduInit                                           ./build/axoloti.elf
bduObjectInit                                     ./build/axoloti.elf
bduRequestsHook                                   ./build/axoloti.elf
bduStart                                          ./build/axoloti.elf
bduStop                                           ./build/axoloti.elf
blept                                             ./build/axoloti.elf
                                                  C:\Users\macke\DOCUME~1\axoloti/build/xpatch.o
boardInit                                         ./build/axoloti.elf
braids::char_table                                ./build/axoloti.elf
braids::chr_characters                            ./build/axoloti.elf
braids::lookup_table_hr_table                     ./build/axoloti.elf
braids::lookup_table_signed_table                 ./build/axoloti.elf
braids::lookup_table_table                        ./build/axoloti.elf
braids::lut_bell                                  ./build/axoloti.elf
braids::lut_blowing_envelope                      ./build/axoloti.elf
braids::lut_blowing_jet                           ./build/axoloti.elf
braids::lut_bowing_envelope                       ./build/axoloti.elf
braids::lut_bowing_friction                       ./build/axoloti.elf
braids::lut_env_expo                              ./build/axoloti.elf
braids::lut_env_portamento_increments             ./build/axoloti.elf
braids::lut_flute_body_filter                     ./build/axoloti.elf
braids::lut_fm_frequency_quantizer                ./build/axoloti.elf
braids::lut_granular_envelope                     ./build/axoloti.elf
braids::lut_granular_envelope_rate                ./build/axoloti.elf
braids::lut_oscillator_delays                     ./build/axoloti.elf
braids::lut_oscillator_increments                 ./build/axoloti.elf
braids::lut_resonator_coefficient                 ./build/axoloti.elf
braids::lut_resonator_scale                       ./build/axoloti.elf
braids::lut_svf_cutoff                            ./build/axoloti.elf
braids::lut_svf_damp                              ./build/axoloti.elf
braids::lut_svf_scale                             ./build/axoloti.elf
braids::lut_vco_detune                            ./build/axoloti.elf
braids::string_table                              ./build/axoloti.elf
braids::wav_bandlimited_comb_0                    ./build/axoloti.elf
braids::wav_bandlimited_comb_1                    ./build/axoloti.elf
braids::wav_bandlimited_comb_10                   ./build/axoloti.elf
braids::wav_bandlimited_comb_11                   ./build/axoloti.elf
braids::wav_bandlimited_comb_12                   ./build/axoloti.elf
braids::wav_bandlimited_comb_13                   ./build/axoloti.elf
braids::wav_bandlimited_comb_14                   ./build/axoloti.elf
braids::wav_bandlimited_comb_2                    ./build/axoloti.elf
braids::wav_bandlimited_comb_3                    ./build/axoloti.elf
braids::wav_bandlimited_comb_4                    ./build/axoloti.elf
braids::wav_bandlimited_comb_5                    ./build/axoloti.elf
braids::wav_bandlimited_comb_6                    ./build/axoloti.elf
braids::wav_bandlimited_comb_7                    ./build/axoloti.elf
braids::wav_bandlimited_comb_8                    ./build/axoloti.elf
braids::wav_bandlimited_comb_9                    ./build/axoloti.elf
braids::wav_formant_sine                          ./build/axoloti.elf
braids::wav_formant_square                        ./build/axoloti.elf
braids::wav_sine                                  ./build/axoloti.elf
braids::waveform_table                            ./build/axoloti.elf
braids::waveshaper_table                          ./build/axoloti.elf
braids::ws_moderate_overdrive                     ./build/axoloti.elf
braids::ws_sine_fold                              ./build/axoloti.elf
braids::ws_tri_fold                               ./build/axoloti.elf
braids::ws_violent_overdrive                      ./build/axoloti.elf
braids::wt_code                                   ./build/axoloti.elf
braids::wt_map                                    ./build/axoloti.elf
braids::wt_table                                  ./build/axoloti.elf
braids::wt_waves                                  ./build/axoloti.elf
buf                                               ./build/axoloti.elf
buf2                                              ./build/axoloti.elf
bulkusbcfg                                        ./build/axoloti.elf
calcCIN                                           ./build/axoloti.elf
calcCIN1                                          ./build/axoloti.elf
calcDS1                                           ./build/axoloti.elf
calcPH                                            ./build/axoloti.elf
chCoreAlloc                                       ./build/axoloti.elf
chCoreAllocI                                      ./build/axoloti.elf
chCoreStatus                                      ./build/axoloti.elf
chEvtAddEvents                                    ./build/axoloti.elf
chEvtBroadcastFlags                               ./build/axoloti.elf
chEvtBroadcastFlagsI                              ./build/axoloti.elf
chEvtDispatch                                     ./build/axoloti.elf
chEvtGetAndClearEvents                            ./build/axoloti.elf
chEvtGetAndClearFlags                             ./build/axoloti.elf
chEvtGetAndClearFlagsI                            ./build/axoloti.elf
chEvtRegisterMask                                 ./build/axoloti.elf
chEvtSignal                                       ./build/axoloti.elf
chEvtSignalI                                      ./build/axoloti.elf
chEvtUnregister                                   ./build/axoloti.elf
chEvtWaitAll                                      ./build/axoloti.elf
chEvtWaitAllTimeout                               ./build/axoloti.elf
chEvtWaitAny                                      ./build/axoloti.elf
chEvtWaitAnyTimeout                               ./build/axoloti.elf
chEvtWaitOne                                      ./build/axoloti.elf
chEvtWaitOneTimeout                               ./build/axoloti.elf
chHeapAlloc                                       ./build/axoloti.elf
chHeapFree                                        ./build/axoloti.elf
chHeapInit                                        ./build/axoloti.elf
chHeapStatus                                      ./build/axoloti.elf
chIQGetTimeout                                    ./build/axoloti.elf
chIQInit                                          ./build/axoloti.elf
chIQPutI                                          ./build/axoloti.elf
chIQReadTimeout                                   ./build/axoloti.elf
chIQResetI                                        ./build/axoloti.elf
chMsgRelease                                      ./build/axoloti.elf
chMsgSend                                         ./build/axoloti.elf
chMsgWait                                         ./build/axoloti.elf
chMtxInit                                         ./build/axoloti.elf
chMtxLock                                         ./build/axoloti.elf
chMtxLockS                                        ./build/axoloti.elf
chMtxTryLock                                      ./build/axoloti.elf
chMtxTryLockS                                     ./build/axoloti.elf
chMtxUnlock                                       ./build/axoloti.elf
chMtxUnlockAll                                    ./build/axoloti.elf
chMtxUnlockS                                      ./build/axoloti.elf
chOQGetI                                          ./build/axoloti.elf
chOQInit                                          ./build/axoloti.elf
chOQPutTimeout                                    ./build/axoloti.elf
chOQResetI                                        ./build/axoloti.elf
chOQWriteTimeout                                  ./build/axoloti.elf
chRegFirstThread                                  ./build/axoloti.elf
chRegNextThread                                   ./build/axoloti.elf
chSchDoReschedule                                 ./build/axoloti.elf
chSchDoRescheduleAhead                            ./build/axoloti.elf
chSchDoRescheduleBehind                           ./build/axoloti.elf
chSchGoSleepS                                     ./build/axoloti.elf
chSchGoSleepTimeoutS                              ./build/axoloti.elf
chSchReadyI                                       ./build/axoloti.elf
chSchRescheduleS                                  ./build/axoloti.elf
chSchWakeupS                                      ./build/axoloti.elf
chSemAddCounterI                                  ./build/axoloti.elf
chSemInit                                         ./build/axoloti.elf
chSemReset                                        ./build/axoloti.elf
chSemResetI                                       ./build/axoloti.elf
chSemSignal                                       ./build/axoloti.elf
chSemSignalI                                      ./build/axoloti.elf
chSemSignalWait                                   ./build/axoloti.elf
chSemWait                                         ./build/axoloti.elf
chSemWaitS                                        ./build/axoloti.elf
chSemWaitTimeout                                  ./build/axoloti.elf
chSemWaitTimeoutS                                 ./build/axoloti.elf
chSysInit                                         ./build/axoloti.elf
chSysTimerHandlerI                                ./build/axoloti.elf
chThdCreateI                                      ./build/axoloti.elf
chThdCreateStatic                                 ./build/axoloti.elf
chThdExit                                         ./build/axoloti.elf
chThdExitS                                        ./build/axoloti.elf
chThdResume                                       ./build/axoloti.elf
chThdSetPriority                                  ./build/axoloti.elf
chThdSleep                                        ./build/axoloti.elf
chThdSleepUntil                                   ./build/axoloti.elf
chThdTerminate                                    ./build/axoloti.elf
chThdWait                                         ./build/axoloti.elf
chThdYield                                        ./build/axoloti.elf
chVTResetI                                        ./build/axoloti.elf
chVTSetI                                          ./build/axoloti.elf
ch_debug                                          ./build/axoloti.elf
chsnprintf                                        ./build/axoloti.elf
chvprintf                                         ./build/axoloti.elf
cleanup_glue                                      ./build/axoloti.elf
clouds::Correlator::EvaluateNextCandidate()       ./build/axoloti.elf
clouds::Correlator::Init(unsigned long*, unsigned long*) ./build/axoloti.elf
clouds::Correlator::StartSearch(long, long, long) ./build/axoloti.elf
clouds::FrameTransformation::AddGlitch(float*)    ./build/axoloti.elf
clouds::FrameTransformation::Init(float*, long, long) ./build/axoloti.elf
clouds::FrameTransformation::PolarToRectangular(float*) ./build/axoloti.elf
clouds::FrameTransformation::Process(clouds::Parameters const&, float*, float*) ./build/axoloti.elf
clouds::FrameTransformation::QuantizeMagnitudes(float*, float) ./build/axoloti.elf
clouds::FrameTransformation::RectangularToPolar(float*) ./build/axoloti.elf
clouds::FrameTransformation::ReplayMagnitudes(float*, float) ./build/axoloti.elf
clouds::FrameTransformation::Reset()              ./build/axoloti.elf
clouds::FrameTransformation::SetPhases(float*, float, float) ./build/axoloti.elf
clouds::FrameTransformation::ShiftMagnitudes(float*, float*, float) ./build/axoloti.elf
clouds::FrameTransformation::StoreMagnitudes(float*, float, float) ./build/axoloti.elf
clouds::FrameTransformation::WarpMagnitudes(float*, float*, float) ./build/axoloti.elf
clouds::GranularProcessor::GetPersistentData(clouds::PersistentBlock*, unsigned int*) ./build/axoloti.elf
clouds::GranularProcessor::Init(void*, unsigned int, void*, unsigned int) ./build/axoloti.elf
clouds::GranularProcessor::LoadPersistentData(unsigned long const*) ./build/axoloti.elf
clouds::GranularProcessor::Prepare()              ./build/axoloti.elf
clouds::GranularProcessor::PreparePersistentData() ./build/axoloti.elf
clouds::GranularProcessor::Process(clouds::ShortFrame*, clouds::ShortFrame*, unsigned int) ./build/axoloti.elf
clouds::GranularProcessor::ProcessGranular(clouds::FloatFrame*, clouds::FloatFrame*, unsigned int) ./build/axoloti.elf
clouds::GranularProcessor::ResetFilters()         ./build/axoloti.elf
clouds::PhaseVocoder::Buffer()                    ./build/axoloti.elf
clouds::PhaseVocoder::Init(void**, unsigned int*, float const*, unsigned int, long, long, float) ./build/axoloti.elf
clouds::PhaseVocoder::Process(clouds::Parameters const&, clouds::FloatFrame const*, clouds::FloatFrame*, unsigned int) ./build/axoloti.elf
clouds::STFT::Buffer()                            ./build/axoloti.elf
clouds::STFT::Init(stmlib::ShyFFT<float, 4096u, stmlib::RotationPhasor>*, unsigned int, unsigned int, float*, float*, float const*, short*, clouds::FrameTransformation*) ./build/axoloti.elf
clouds::STFT::Process(clouds::Parameters const&, float const*, float*, unsigned int, unsigned int) ./build/axoloti.elf
clouds::STFT::Reset()                             ./build/axoloti.elf
clouds::lookup_table_int16_table                  ./build/axoloti.elf
clouds::lookup_table_table                        ./build/axoloti.elf
clouds::lut_cutoff                                ./build/axoloti.elf
clouds::lut_db                                    ./build/axoloti.elf
clouds::lut_grain_size                            ./build/axoloti.elf
clouds::lut_quantized_pitch                       ./build/axoloti.elf
clouds::lut_sin                                   ./build/axoloti.elf
clouds::lut_sine_window_4096                      ./build/axoloti.elf
clouds::lut_ulaw                                  ./build/axoloti.elf
clouds::lut_window                                ./build/axoloti.elf
[...]
rlist                                             ./build/axoloti.elf
rootc::GetInitParams()::p                         C:\Users\macke\DOCUME~1\axoloti/build/xpatch.o
rootc::GetPresets()::p                            C:\Users\macke\DOCUME~1\axoloti/build/xpatch.o
rootc::Init()                                     C:\Users\macke\DOCUME~1\axoloti/build/xpatch.o
rootc::dsp()                                      C:\Users\macke\DOCUME~1\axoloti/build/xpatch.o
rootc::dsp()::zerobuffer                          C:\Users\macke\DOCUME~1\axoloti/build/xpatch.o
rootc::instanceSubOscillator__1::dsp(long (&) [16], bool&)::zerobuffer C:\Users\macke\DOCUME~1\axoloti/build/xpatch.o
row_update_index                                  ./build/axoloti.elf
sai_a                                             ./build/axoloti.elf
sai_a_dma                                         ./build/axoloti.elf
sai_b                                             ./build/axoloti.elf
sai_b_dma                                         ./build/axoloti.elf
scalbn                                            ./build/axoloti.elf
scalbnf                                           ./build/axoloti.elf
sdIncomingDataI                                   ./build/axoloti.elf
sdInit                                            ./build/axoloti.elf
sdObjectInit                                      ./build/axoloti.elf
sdRequestDataI                                    ./build/axoloti.elf
sdStart                                           ./build/axoloti.elf
sdStop                                            ./build/axoloti.elf
sd_lld_init                                       ./build/axoloti.elf
sd_lld_start                                      ./build/axoloti.elf
sd_lld_stop                                       ./build/axoloti.elf
sdcConnect                                        ./build/axoloti.elf
sdcDisconnect                                     ./build/axoloti.elf
sdcErase                                          ./build/axoloti.elf
sdcGetAndClearErrors                              ./build/axoloti.elf
sdcGetInfo                                        ./build/axoloti.elf
sdcInit                                           ./build/axoloti.elf
sdcObjectInit                                     ./build/axoloti.elf
sdcRead                                           ./build/axoloti.elf
sdcStart                                          ./build/axoloti.elf
sdcStop                                           ./build/axoloti.elf
sdcSync                                           ./build/axoloti.elf
sdcWrite                                          ./build/axoloti.elf
sdc_lld_init                                      ./build/axoloti.elf
sdc_lld_is_card_inserted                          ./build/axoloti.elf
sdc_lld_is_write_protected                        ./build/axoloti.elf
sdc_lld_read                                      ./build/axoloti.elf
sdc_lld_read_aligned                              ./build/axoloti.elf
sdc_lld_send_cmd_long_crc                         ./build/axoloti.elf
sdc_lld_send_cmd_none                             ./build/axoloti.elf
sdc_lld_send_cmd_short                            ./build/axoloti.elf
sdc_lld_send_cmd_short_crc                        ./build/axoloti.elf
sdc_lld_set_bus_mode                              ./build/axoloti.elf
sdc_lld_set_data_clk                              ./build/axoloti.elf
sdc_lld_start                                     ./build/axoloti.elf
sdc_lld_start_clk                                 ./build/axoloti.elf
sdc_lld_stop                                      ./build/axoloti.elf
sdc_lld_stop_clk                                  ./build/axoloti.elf
sdc_lld_sync                                      ./build/axoloti.elf
sdc_lld_write                                     ./build/axoloti.elf
sdc_lld_write_aligned                             ./build/axoloti.elf
sdcard_attemptMountIfUnmounted                    ./build/axoloti.elf
sdcard_init                                       ./build/axoloti.elf
sdcard_loadPatch1                                 ./build/axoloti.elf
sdcard_unmount                                    ./build/axoloti.elf
sdcsw_prev                                        ./build/axoloti.elf
sdram_free                                        ./build/axoloti.elf
sdram_get_free                                    ./build/axoloti.elf
sdram_init                                        ./build/axoloti.elf
                                                  C:\Users\macke\DOCUME~1\axoloti/build/xpatch.o
sdram_malloc                                      ./build/axoloti.elf
serial_MidiGetOutputBufferPending                 ./build/axoloti.elf
serial_MidiInByteHandler                          ./build/axoloti.elf
serial_MidiSend1                                  ./build/axoloti.elf
serial_MidiSend2                                  ./build/axoloti.elf
serial_MidiSend3                                  ./build/axoloti.elf
serial_midi_init                                  ./build/axoloti.elf
setErrorFlag                                      ./build/axoloti.elf
signal                                            ./build/axoloti.elf
sinTable_f32                                      ./build/axoloti.elf
sinTable_q15                                      ./build/axoloti.elf
sinTable_q31                                      ./build/axoloti.elf
sine2t                                            ./build/axoloti.elf
                                                  C:\Users\macke\DOCUME~1\axoloti/build/xpatch.o
sinet                                             ./build/axoloti.elf
sinf                                              ./build/axoloti.elf
spiAcquireBus                                     ./build/axoloti.elf
spiExchange                                       ./build/axoloti.elf
spiIgnore                                         ./build/axoloti.elf
spiInit                                           ./build/axoloti.elf
spiObjectInit                                     ./build/axoloti.elf
spiReceive                                        ./build/axoloti.elf
spiReleaseBus                                     ./build/axoloti.elf
spiSelect                                         ./build/axoloti.elf
spiSend                                           ./build/axoloti.elf
spiStart                                          ./build/axoloti.elf
spiStartExchange                                  ./build/axoloti.elf
spiStartIgnore                                    ./build/axoloti.elf
spiStartReceive                                   ./build/axoloti.elf
spiStartSend                                      ./build/axoloti.elf
spiStop                                           ./build/axoloti.elf
spiUnselect                                       ./build/axoloti.elf
spi_lld_exchange                                  ./build/axoloti.elf
spi_lld_ignore                                    ./build/axoloti.elf
spi_lld_init                                      ./build/axoloti.elf
spi_lld_polled_exchange                           ./build/axoloti.elf
spi_lld_receive                                   ./build/axoloti.elf
spi_lld_select                                    ./build/axoloti.elf
spi_lld_send                                      ./build/axoloti.elf
spi_lld_start                                     ./build/axoloti.elf
spi_lld_stop                                      ./build/axoloti.elf
spi_lld_unselect                                  ./build/axoloti.elf
stage_rfft_f32                                    ./build/axoloti.elf
start_dsp_thread                                  ./build/axoloti.elf
stm32_clock_init                                  ./build/axoloti.elf
stmlib::Random::rng_state_                        ./build/axoloti.elf
stmlib::ShyFFT<float, 4096u, stmlib::RotationPhasor>::bit_rev_256_lut_ ./build/axoloti.elf
stmlib::atan_lut                                  ./build/axoloti.elf
stmlib::lut_pitch_ratio_high                      ./build/axoloti.elf
stmlib::lut_pitch_ratio_low                       ./build/axoloti.elf
stpcpy                                            ./build/axoloti.elf
strcpy                                            ./build/axoloti.elf
streams::Compressor::Compress(long, long, long, bool) ./build/axoloti.elf
streams::Compressor::Exp2(long)                   ./build/axoloti.elf
streams::Compressor::Init()                       ./build/axoloti.elf
streams::Compressor::Log2(long)                   ./build/axoloti.elf
streams::Compressor::Process(short, short, unsigned short*, unsigned short*) ./build/axoloti.elf
streams::Envelope::Init()                         ./build/axoloti.elf
streams::Envelope::Process(short, short, unsigned short*, unsigned short*) ./build/axoloti.elf
streams::Follower::Init()                         ./build/axoloti.elf
streams::Follower::Process(short, short, unsigned short*, unsigned short*) ./build/axoloti.elf
streams::LorenzGenerator::Init()                  ./build/axoloti.elf
streams::LorenzGenerator::Process(short, short, unsigned short*, unsigned short*) ./build/axoloti.elf
streams::Processor::CompressorConfigure(bool, long*, long*) ./build/axoloti.elf
streams::Processor::CompressorInit()              ./build/axoloti.elf
streams::Processor::CompressorProcess(short, short, unsigned short*, unsigned short*) ./build/axoloti.elf
streams::Processor::EnvelopeConfigure(bool, long*, long*) ./build/axoloti.elf
streams::Processor::EnvelopeInit()                ./build/axoloti.elf
streams::Processor::EnvelopeProcess(short, short, unsigned short*, unsigned short*) ./build/axoloti.elf
streams::Processor::FilterControllerConfigure(bool, long*, long*) ./build/axoloti.elf
streams::Processor::FilterControllerInit()        ./build/axoloti.elf
streams::Processor::FilterControllerProcess(short, short, unsigned short*, unsigned short*) ./build/axoloti.elf
streams::Processor::FollowerConfigure(bool, long*, long*) ./build/axoloti.elf
streams::Processor::FollowerInit()                ./build/axoloti.elf
streams::Processor::FollowerProcess(short, short, unsigned short*, unsigned short*) ./build/axoloti.elf
streams::Processor::Init(unsigned char)           ./build/axoloti.elf
streams::Processor::LorenzGeneratorConfigure(bool, long*, long*) ./build/axoloti.elf
streams::Processor::LorenzGeneratorInit()         ./build/axoloti.elf
streams::Processor::LorenzGeneratorProcess(short, short, unsigned short*, unsigned short*) ./build/axoloti.elf
streams::Processor::VactrolConfigure(bool, long*, long*) ./build/axoloti.elf
streams::Processor::VactrolInit()                 ./build/axoloti.elf
streams::Processor::VactrolProcess(short, short, unsigned short*, unsigned short*) ./build/axoloti.elf
streams::Processor::callbacks_table_              ./build/axoloti.elf
streams::Svf::Init()                              ./build/axoloti.elf
streams::Svf::Process(long)                       ./build/axoloti.elf
streams::Vactrol::Init()                          ./build/axoloti.elf
streams::Vactrol::Process(short, short, unsigned short*, unsigned short*) ./build/axoloti.elf
streams::lookup_table_32_table                    ./build/axoloti.elf
streams::lookup_table_table                       ./build/axoloti.elf
streams::lut_2164_gain                            ./build/axoloti.elf
streams::lut_compressor_ratio                     ./build/axoloti.elf
streams::lut_env_expo                             ./build/axoloti.elf
streams::lut_env_increments                       ./build/axoloti.elf
streams::lut_env_linear                           ./build/axoloti.elf
streams::lut_env_quartic                          ./build/axoloti.elf
streams::lut_exp2                                 ./build/axoloti.elf
streams::lut_log2                                 ./build/axoloti.elf
streams::lut_lorenz_rate                          ./build/axoloti.elf
streams::lut_lp_coefficients                      ./build/axoloti.elf
streams::lut_soft_knee                            ./build/axoloti.elf
streams::lut_square_root                          ./build/axoloti.elf
streams::lut_svf_cutoff                           ./build/axoloti.elf
streams::lut_svf_damp                             ./build/axoloti.elf
streams::string_table                             ./build/axoloti.elf
streams::wav_db                                   ./build/axoloti.elf
streams::wav_gompertz                             ./build/axoloti.elf
streams::waveforms_table                          ./build/axoloti.elf
strlen                                            ./build/axoloti.elf
sysmon_blink_pattern                              ./build/axoloti.elf
sysmon_disable_blinker                            ./build/axoloti.elf
                                                  C:\Users\macke\DOCUME~1\axoloti/build/xpatch.o
sysmon_enable_blinker                             ./build/axoloti.elf
sysmon_getVoltage10                               ./build/axoloti.elf
sysmon_getVoltage50                               ./build/axoloti.elf
sysmon_init                                       ./build/axoloti.elf
terminator                                        ./build/axoloti.elf
twiddleCoef_1024                                  ./build/axoloti.elf
twiddleCoef_1024_q15                              ./build/axoloti.elf
twiddleCoef_1024_q31                              ./build/axoloti.elf
twiddleCoef_128                                   ./build/axoloti.elf
twiddleCoef_128_q15                               ./build/axoloti.elf
twiddleCoef_128_q31                               ./build/axoloti.elf
twiddleCoef_16                                    ./build/axoloti.elf
twiddleCoef_16_q15                                ./build/axoloti.elf
twiddleCoef_16_q31                                ./build/axoloti.elf
twiddleCoef_2048                                  ./build/axoloti.elf
twiddleCoef_2048_q15                              ./build/axoloti.elf
twiddleCoef_2048_q31                              ./build/axoloti.elf
twiddleCoef_256                                   ./build/axoloti.elf
twiddleCoef_256_q15                               ./build/axoloti.elf
twiddleCoef_256_q31                               ./build/axoloti.elf
twiddleCoef_32                                    ./build/axoloti.elf
twiddleCoef_32_q15                                ./build/axoloti.elf
twiddleCoef_32_q31                                ./build/axoloti.elf
twiddleCoef_4096                                  ./build/axoloti.elf
twiddleCoef_4096_q15                              ./build/axoloti.elf
twiddleCoef_4096_q31                              ./build/axoloti.elf
twiddleCoef_512                                   ./build/axoloti.elf
twiddleCoef_512_q15                               ./build/axoloti.elf
twiddleCoef_512_q31                               ./build/axoloti.elf
twiddleCoef_64                                    ./build/axoloti.elf
twiddleCoef_64_q15                                ./build/axoloti.elf
twiddleCoef_64_q31                                ./build/axoloti.elf
twiddleCoef_rfft_1024                             ./build/axoloti.elf
twiddleCoef_rfft_128                              ./build/axoloti.elf
twiddleCoef_rfft_2048                             ./build/axoloti.elf
twiddleCoef_rfft_256                              ./build/axoloti.elf
twiddleCoef_rfft_32                               ./build/axoloti.elf
twiddleCoef_rfft_4096                             ./build/axoloti.elf
twiddleCoef_rfft_512                              ./build/axoloti.elf
twiddleCoef_rfft_64                               ./build/axoloti.elf
ui_init                                           ./build/axoloti.elf
usbDisableEndpointsI                              ./build/axoloti.elf
usbInit                                           ./build/axoloti.elf
usbInitEndpointI                                  ./build/axoloti.elf
usbObjectInit                                     ./build/axoloti.elf
usbPrepareQueuedReceive                           ./build/axoloti.elf
usbPrepareQueuedTransmit                          ./build/axoloti.elf
usbPrepareReceive                                 ./build/axoloti.elf
usbPrepareTransmit                                ./build/axoloti.elf
usbStallReceiveI                                  ./build/axoloti.elf
usbStallTransmitI                                 ./build/axoloti.elf
usbStart                                          ./build/axoloti.elf
usbStartReceiveI                                  ./build/axoloti.elf
usbStartTransmitI                                 ./build/axoloti.elf
usbStop                                           ./build/axoloti.elf
usb_lld_clear_in                                  ./build/axoloti.elf
usb_lld_clear_out                                 ./build/axoloti.elf
usb_lld_disable_endpoints                         ./build/axoloti.elf
usb_lld_get_status_in                             ./build/axoloti.elf
usb_lld_get_status_out                            ./build/axoloti.elf
usb_lld_init                                      ./build/axoloti.elf
usb_lld_init_endpoint                             ./build/axoloti.elf
usb_lld_prepare_receive                           ./build/axoloti.elf
usb_lld_prepare_transmit                          ./build/axoloti.elf
usb_lld_read_setup                                ./build/axoloti.elf
usb_lld_reset                                     ./build/axoloti.elf
usb_lld_set_address                               ./build/axoloti.elf
usb_lld_stall_in                                  ./build/axoloti.elf
usb_lld_stall_out                                 ./build/axoloti.elf
usb_lld_start                                     ./build/axoloti.elf
usb_lld_start_in                                  ./build/axoloti.elf
usb_lld_start_out                                 ./build/axoloti.elf
usb_lld_stop                                      ./build/axoloti.elf
usbcfg                                            ./build/axoloti.elf
usbh_MidiGetOutputBufferAvailable                 ./build/axoloti.elf
usbh_MidiGetOutputBufferPending                   ./build/axoloti.elf
usbh_MidiSend1                                    ./build/axoloti.elf
usbh_MidiSend2                                    ./build/axoloti.elf
usbh_MidiSend3                                    ./build/axoloti.elf
usbh_MidiSendSysEx                                ./build/axoloti.elf
usbh_midi_deinit_buffer                           ./build/axoloti.elf
usbh_midi_init                                    ./build/axoloti.elf
usbh_midi_init_buffer                             ./build/axoloti.elf
usbh_midi_reset_buffer                            ./build/axoloti.elf
v50_max                                           ./build/axoloti.elf
v50_min                                           ./build/axoloti.elf
void clouds::GranularSamplePlayer::Play<(clouds::Resolution)0>(clouds::AudioBuffer<(clouds::Resolution)0> const*, clouds::Parameters const&, float*, unsigned int) ./build/axoloti.elf
void clouds::GranularSamplePlayer::Play<(clouds::Resolution)3>(clouds::AudioBuffer<(clouds::Resolution)3> const*, clouds::Parameters const&, float*, unsigned int) ./build/axoloti.elf
void elements::String::ProcessInternal<false>(float const*, float*, float*, unsigned int) ./build/axoloti.elf
void elements::String::ProcessInternal<true>(float const*, float*, float*, unsigned int) ./build/axoloti.elf
voltage_50                                        ./build/axoloti.elf
vtlist                                            ./build/axoloti.elf
watchdog_feed                                     ./build/axoloti.elf
watchdog_init                                     ./build/axoloti.elf
windowt                                           ./build/axoloti.elf
xpatch_init                                       C:\Users\macke\DOCUME~1\axoloti/build/xpatch.o
xpatch_init2(int)                                 C:\Users\macke\DOCUME~1\axoloti/build/xpatch.o
