
Discarded input sections

 .group         0x0000000000000000        0x8 /Users/mackemint/Documents/axoloti/build/xpatch.o
 .group         0x0000000000000000        0x8 /Users/mackemint/Documents/axoloti/build/xpatch.o
 .group         0x0000000000000000        0x8 /Users/mackemint/Documents/axoloti/build/xpatch.o
 .group         0x0000000000000000        0x8 /Users/mackemint/Documents/axoloti/build/xpatch.o
 .group         0x0000000000000000        0x8 /Users/mackemint/Documents/axoloti/build/xpatch.o
 .group         0x0000000000000000        0x8 /Users/mackemint/Documents/axoloti/build/xpatch.o

Memory Configuration

Name             Origin             Length             Attributes
SRAM             0x0000000000011000 0x000000000000b000 xrw
SRAM2            0x000000002001c000 0x0000000000002000 xrw
CCMSRAM          0x0000000010000000 0x000000000000c000 rw
sdram            0x00000000c0000000 0x0000000000800000
*default*        0x0000000000000000 0xffffffffffffffff

Linker script and memory map

LOAD /Users/mackemint/Documents/axoloti/build/xpatch.o
LOAD ./build/axoloti.elf
START GROUP
LOAD /Applications/axoloti_runtime/platform_osx/bin/../lib/gcc/arm-none-eabi/4.9.3/armv7e-m/fpu/libgcc.a
LOAD /Applications/axoloti_runtime/platform_osx/bin/../lib/gcc/arm-none-eabi/4.9.3/../../../../arm-none-eabi/lib/armv7e-m/fpu/libc.a
END GROUP

.text           0x0000000000011000      0x7c0
 *(.boot)
 .boot          0x0000000000011000       0xa4 /Users/mackemint/Documents/axoloti/build/xpatch.o
                0x0000000000011000                xpatch_init
 *(.text)
 *fill*         0x00000000000110a4        0xc 
 .text          0x00000000000110b0      0x6b4 /Users/mackemint/Documents/axoloti/build/xpatch.o
                0x00000000000111f0                PatchDispose()
                0x0000000000011220                ApplyPreset(long)
                0x00000000000112b0                PatchMidiInHandler(midi_device_t, unsigned char, unsigned char, unsigned char, unsigned char)
                0x00000000000114e0                biquad_bp_coefs
                0x0000000000011550                biquad_hp_coefs
                0x00000000000115d0                PatchProcess(long*, long*)
                0x00000000000116c0                xpatch_init2(int)
 *fill*         0x0000000000011764        0xc 
 .text.__stub   0x0000000000011770       0x50 linker stubs
                0x00000000000117c0                etext = .

.glue_7         0x00000000000117c0        0x0
 .glue_7        0x0000000000000000        0x0 linker stubs

.glue_7t        0x00000000000117c0        0x0
 .glue_7t       0x0000000000000000        0x0 linker stubs

.vfp11_veneer   0x00000000000117c0        0x0
 .vfp11_veneer  0x0000000000000000        0x0 linker stubs

.v4_bx          0x00000000000117c0        0x0
 .v4_bx         0x0000000000000000        0x0 linker stubs

.text._ZN5rootc4InitEv
                0x00000000000117c0      0xec0
 .text._ZN5rootc4InitEv
                0x00000000000117c0      0xe60 /Users/mackemint/Documents/axoloti/build/xpatch.o
                0x00000000000117c0                rootc::Init()
 .text._ZN5rootc4InitEv.__stub
                0x0000000000012620       0x60 linker stubs

.text._ZN5rootc3dspEv
                0x0000000000012680     0x23e8
 .text._ZN5rootc3dspEv
                0x0000000000012680     0x23c4 /Users/mackemint/Documents/axoloti/build/xpatch.o
                0x0000000000012680                rootc::dsp()
 *fill*         0x0000000000014a44        0x4 
 .text._ZN5rootc3dspEv.__stub
                0x0000000000014a48       0x20 linker stubs

.text.startup   0x0000000000014a70       0x1c
 .text.startup  0x0000000000014a70       0x1c /Users/mackemint/Documents/axoloti/build/xpatch.o

.iplt           0x0000000000014a8c        0x0
 .iplt          0x0000000000000000        0x0 /Users/mackemint/Documents/axoloti/build/xpatch.o

constructors    0x0000000000014a8c        0x4
                0x0000000000014a8c                PROVIDE (__ctor_array_start, .)
 *(SORT(.init_array.*))
 *(.init_array)
 .init_array    0x0000000000014a8c        0x4 /Users/mackemint/Documents/axoloti/build/xpatch.o
                0x0000000000014a90                PROVIDE (__ctor_array_end, .)

destructors     0x0000000000014a90        0x0
                0x0000000000014a90                PROVIDE (__dtor_array_start, .)
 *(.fini_array)
 *(SORT(.fini_array.*))
                0x0000000000014a90                PROVIDE (__dtor_array_end, .)

.rodata         0x0000000000014a90      0xa80
 *(.rodata)
 *(.rodata.*)
 .rodata._ZZN5rootc10GetPresetsEvE1p
                0x0000000000014a90      0x800 /Users/mackemint/Documents/axoloti/build/xpatch.o
                0x0000000000014a90                rootc::GetPresets()::p
 .rodata._ZZN5rootc13GetInitParamsEvE1p
                0x0000000000015290       0x8c /Users/mackemint/Documents/axoloti/build/xpatch.o
                0x0000000000015290                rootc::GetInitParams()::p
 .rodata._ZZN5rootc24instanceSubOscillator__13dspERA16_lRlE10zerobuffer
                0x000000000001531c       0x40 /Users/mackemint/Documents/axoloti/build/xpatch.o
                0x000000000001531c                rootc::instanceSubOscillator__1::dsp(long (&) [16], long&)::zerobuffer
 .rodata._ZZN5rootc3dspEvE10zerobuffer
                0x000000000001535c       0x40 /Users/mackemint/Documents/axoloti/build/xpatch.o
                0x000000000001535c                rootc::dsp()::zerobuffer
 .rodata.str1.4
                0x000000000001539c      0x174 /Users/mackemint/Documents/axoloti/build/xpatch.o
                                        0x173 (size before relaxing)

.rel.dyn        0x0000000000015510        0x0
 .rel.iplt      0x0000000000000000        0x0 /Users/mackemint/Documents/axoloti/build/xpatch.o

.data           0x0000000000015510        0x0
                0x0000000000015510                sdata = .
 *(.data)
 .data          0x0000000000015510        0x0 /Users/mackemint/Documents/axoloti/build/xpatch.o
                0x0000000000015510                edata = .

.igot.plt       0x0000000000015510        0x0
 .igot.plt      0x0000000000000000        0x0 /Users/mackemint/Documents/axoloti/build/xpatch.o

.sram2
 *(.sram2)
 *(.sram2.*)

.bss            0x0000000010000000     0x1329
                0x0000000010000000                PROVIDE (_pbss_start, .)
                0x0000000010000000                sbss = .
 *(.bss)
 .bss           0x0000000010000000     0x1329 /Users/mackemint/Documents/axoloti/build/xpatch.o
                0x0000000010001224                AudioOutputMode
                0x0000000010001228                AudioOutputLeft
                0x0000000010001268                AudioOutputRight
                0x00000000100012a8                AudioInputLeft
                0x00000000100012e8                AudioInputRight
                0x0000000010001328                AudioInputMode
                0x0000000010001329                ebss = .
                0x0000000010001329                PROVIDE (_pbss_end, .)

.sdram
 *(.sdram)
 *(.sdram.*)
OUTPUT(/Users/mackemint/Documents/axoloti/build/xpatch.elf elf32-littlearm)

.comment        0x0000000000000000       0x70
 .comment       0x0000000000000000       0x70 /Users/mackemint/Documents/axoloti/build/xpatch.o
                                         0x71 (size before relaxing)

.ARM.attributes
                0x0000000000000000       0x37
 .ARM.attributes
                0x0000000000000000       0x39 /Users/mackemint/Documents/axoloti/build/xpatch.o

Cross Reference Table

Symbol                                            File
ADAU1961_I2CStart                                 ./build/axoloti.elf
ADAU1961_I2CStop                                  ./build/axoloti.elf
ADAU1961_ReadRegister                             ./build/axoloti.elf
ADAU1961_ReadRegister6                            ./build/axoloti.elf
ADAU1961_WriteRegister                            ./build/axoloti.elf
                                                  /Users/mackemint/Documents/axoloti/build/xpatch.o
ADAU1961_WriteRegister6                           ./build/axoloti.elf
ADCD1                                             ./build/axoloti.elf
ADCkvps                                           ./build/axoloti.elf
AckPending                                        ./build/axoloti.elf
ApplyPreset                                       ./build/axoloti.elf
ApplyPreset(long)                                 /Users/mackemint/Documents/axoloti/build/xpatch.o
AudioInputLeft                                    /Users/mackemint/Documents/axoloti/build/xpatch.o
AudioInputMode                                    /Users/mackemint/Documents/axoloti/build/xpatch.o
AudioInputRight                                   /Users/mackemint/Documents/axoloti/build/xpatch.o
AudioOutputLeft                                   /Users/mackemint/Documents/axoloti/build/xpatch.o
AudioOutputMode                                   /Users/mackemint/Documents/axoloti/build/xpatch.o
AudioOutputRight                                  /Users/mackemint/Documents/axoloti/build/xpatch.o
AxolotiControlUpdate                              ./build/axoloti.elf
BDU1                                              ./build/axoloti.elf
BootLoaderInit                                    ./build/axoloti.elf
Btn_Nav_And                                       ./build/axoloti.elf
Btn_Nav_CurStates                                 ./build/axoloti.elf
Btn_Nav_Or                                        ./build/axoloti.elf
Btn_Nav_PrevStates                                ./build/axoloti.elf
BusFaultVector                                    ./build/axoloti.elf
CalcCRC32                                         ./build/axoloti.elf
CheckI2CErrors                                    ./build/axoloti.elf
CloseFile                                         ./build/axoloti.elf
CopyPatchToFlash                                  ./build/axoloti.elf
DebugMonitorVector                                ./build/axoloti.elf
DspTime                                           ./build/axoloti.elf
EncBuffer                                         ./build/axoloti.elf
EnterMenuFormat                                   ./build/axoloti.elf
EnterMenuLoad                                     ./build/axoloti.elf
EnterMenuLoadFile                                 ./build/axoloti.elf
FMC_ClearFlag                                     ./build/axoloti.elf
FMC_ClearITPendingBit                             ./build/axoloti.elf
FMC_GetECC                                        ./build/axoloti.elf
FMC_GetFlagStatus                                 ./build/axoloti.elf
FMC_GetITStatus                                   ./build/axoloti.elf
FMC_GetModeStatus                                 ./build/axoloti.elf
FMC_ITConfig                                      ./build/axoloti.elf
FMC_NANDCmd                                       ./build/axoloti.elf
FMC_NANDDeInit                                    ./build/axoloti.elf
FMC_NANDECCCmd                                    ./build/axoloti.elf
FMC_NANDInit                                      ./build/axoloti.elf
FMC_NANDStructInit                                ./build/axoloti.elf
FMC_NORSRAMCmd                                    ./build/axoloti.elf
FMC_NORSRAMDeInit                                 ./build/axoloti.elf
FMC_NORSRAMInit                                   ./build/axoloti.elf
FMC_NORSRAMStructInit                             ./build/axoloti.elf
FMC_PCCARDCmd                                     ./build/axoloti.elf
FMC_PCCARDDeInit                                  ./build/axoloti.elf
FMC_PCCARDInit                                    ./build/axoloti.elf
FMC_PCCARDStructInit                              ./build/axoloti.elf
FMC_SDRAMCmdConfig                                ./build/axoloti.elf
FMC_SDRAMDeInit                                   ./build/axoloti.elf
FMC_SDRAMInit                                     ./build/axoloti.elf
FMC_SDRAMStructInit                               ./build/axoloti.elf
FMC_SDRAMWriteProtectionConfig                    ./build/axoloti.elf
FMC_SetAutoRefresh_Number                         ./build/axoloti.elf
FMC_SetRefreshCount                               ./build/axoloti.elf
FastLog                                           ./build/axoloti.elf
FileName                                          ./build/axoloti.elf
GenerateRandomNumber                              ./build/axoloti.elf
GetFirmwareID                                     ./build/axoloti.elf
HAL_Delay                                         ./build/axoloti.elf
HAL_GPIO_DeInit                                   ./build/axoloti.elf
HAL_GPIO_EXTI_Callback                            ./build/axoloti.elf
HAL_GPIO_EXTI_IRQHandler                          ./build/axoloti.elf
HAL_GPIO_Init                                     ./build/axoloti.elf
HAL_GPIO_LockPin                                  ./build/axoloti.elf
HAL_GPIO_ReadPin                                  ./build/axoloti.elf
HAL_GPIO_TogglePin                                ./build/axoloti.elf
HAL_GPIO_WritePin                                 ./build/axoloti.elf
HAL_HCD_Connect_Callback                          ./build/axoloti.elf
HAL_HCD_DeInit                                    ./build/axoloti.elf
HAL_HCD_Disconnect_Callback                       ./build/axoloti.elf
HAL_HCD_GetCurrentFrame                           ./build/axoloti.elf
HAL_HCD_GetCurrentSpeed                           ./build/axoloti.elf
HAL_HCD_GetState                                  ./build/axoloti.elf
HAL_HCD_HC_GetState                               ./build/axoloti.elf
HAL_HCD_HC_GetURBState                            ./build/axoloti.elf
HAL_HCD_HC_GetXferCount                           ./build/axoloti.elf
HAL_HCD_HC_Halt                                   ./build/axoloti.elf
HAL_HCD_HC_Init                                   ./build/axoloti.elf
HAL_HCD_HC_NotifyURBChange_Callback               ./build/axoloti.elf
HAL_HCD_HC_SubmitRequest                          ./build/axoloti.elf
HAL_HCD_IRQHandler                                ./build/axoloti.elf
HAL_HCD_Init                                      ./build/axoloti.elf
HAL_HCD_MspDeInit                                 ./build/axoloti.elf
HAL_HCD_MspInit                                   ./build/axoloti.elf
HAL_HCD_ResetPort                                 ./build/axoloti.elf
HAL_HCD_SOF_Callback                              ./build/axoloti.elf
HAL_HCD_Start                                     ./build/axoloti.elf
HAL_HCD_Stop                                      ./build/axoloti.elf
HAL_NVIC_ClearPendingIRQ                          ./build/axoloti.elf
HAL_NVIC_DisableIRQ                               ./build/axoloti.elf
HAL_NVIC_EnableIRQ                                ./build/axoloti.elf
HAL_NVIC_GetActive                                ./build/axoloti.elf
HAL_NVIC_GetPendingIRQ                            ./build/axoloti.elf
HAL_NVIC_GetPriority                              ./build/axoloti.elf
HAL_NVIC_GetPriorityGrouping                      ./build/axoloti.elf
HAL_NVIC_SetPendingIRQ                            ./build/axoloti.elf
HAL_NVIC_SetPriority                              ./build/axoloti.elf
HAL_NVIC_SetPriorityGrouping                      ./build/axoloti.elf
HAL_NVIC_SystemReset                              ./build/axoloti.elf
HAL_SYSTICK_CLKSourceConfig                       ./build/axoloti.elf
HAL_SYSTICK_Callback                              ./build/axoloti.elf
HAL_SYSTICK_Config                                ./build/axoloti.elf
HAL_SYSTICK_IRQHandler                            ./build/axoloti.elf
HID_Class                                         ./build/axoloti.elf
HID_ReadItem                                      ./build/axoloti.elf
HID_WriteItem                                     ./build/axoloti.elf
HardFaultVector                                   ./build/axoloti.elf
I2CD1                                             ./build/axoloti.elf
I2CD3                                             ./build/axoloti.elf
InitPConnection                                   ./build/axoloti.elf
InitPWM                                           ./build/axoloti.elf
InitPatch0                                        ./build/axoloti.elf
KVP_ClearObjects                                  ./build/axoloti.elf
KVP_Decrement                                     ./build/axoloti.elf
KVP_Display                                       ./build/axoloti.elf
KVP_DisplayInv                                    ./build/axoloti.elf
KVP_Increment                                     ./build/axoloti.elf
KVP_RegisterObject                                ./build/axoloti.elf
                                                  /Users/mackemint/Documents/axoloti/build/xpatch.o
KvpsDisplay                                       ./build/axoloti.elf
KvpsHead                                          ./build/axoloti.elf
LCD_clearDisplay                                  ./build/axoloti.elf
LCD_clearPixel                                    ./build/axoloti.elf
LCD_drawChar                                      ./build/axoloti.elf
LCD_drawCharInv                                   ./build/axoloti.elf
LCD_drawIBAR                                      ./build/axoloti.elf
LCD_drawIBARadd                                   ./build/axoloti.elf
LCD_drawNumber3D                                  ./build/axoloti.elf
LCD_drawNumber3DInv                               ./build/axoloti.elf
LCD_drawNumber5D                                  ./build/axoloti.elf
LCD_drawNumber5DInv                               ./build/axoloti.elf
LCD_drawPixel                                     ./build/axoloti.elf
LCD_drawString                                    ./build/axoloti.elf
LCD_drawStringInv                                 ./build/axoloti.elf
LCD_drawStringInvN                                ./build/axoloti.elf
LCD_drawStringN                                   ./build/axoloti.elf
LCD_getPixel                                      ./build/axoloti.elf
LCD_setPixel                                      ./build/axoloti.elf
LCD_updateBoundingBox                             ./build/axoloti.elf
LoadMenu                                          ./build/axoloti.elf
LoadPatch                                         ./build/axoloti.elf
LoadPatchIndexed                                  ./build/axoloti.elf
LogTextMessage                                    ./build/axoloti.elf
MDU1                                              ./build/axoloti.elf
MIDI_CB                                           ./build/axoloti.elf
MIDI_Class                                        ./build/axoloti.elf
MIDI_Setup                                        ./build/axoloti.elf
MY_USBH_Init                                      ./build/axoloti.elf
ManipulateFile                                    ./build/axoloti.elf
MemManageVector                                   ./build/axoloti.elf
MidiByte0                                         ./build/axoloti.elf
MidiByte1                                         ./build/axoloti.elf
MidiByte2                                         ./build/axoloti.elf
MidiCurData                                       ./build/axoloti.elf
MidiGetOutputBufferAvailable                      ./build/axoloti.elf
MidiGetOutputBufferPending                        ./build/axoloti.elf
MidiInChannel                                     ./build/axoloti.elf
MidiInMsgHandler                                  ./build/axoloti.elf
MidiNumData                                       ./build/axoloti.elf
MidiSend1                                         ./build/axoloti.elf
MidiSend2                                         ./build/axoloti.elf
                                                  /Users/mackemint/Documents/axoloti/build/xpatch.o
MidiSend3                                         ./build/axoloti.elf
                                                  /Users/mackemint/Documents/axoloti/build/xpatch.o
MidiSendSysEx                                     ./build/axoloti.elf
Mutex_DMAStream_1_7                               ./build/axoloti.elf
NMIVector                                         ./build/axoloti.elf
ObjectKvpRoot                                     ./build/axoloti.elf
                                                  /Users/mackemint/Documents/axoloti/build/xpatch.o
ObjectKvps                                        ./build/axoloti.elf
PExModulationSourceChange                         ./build/axoloti.elf
PExParameterChange                                ./build/axoloti.elf
                                                  /Users/mackemint/Documents/axoloti/build/xpatch.o
PExReceive                                        ./build/axoloti.elf
PExReceiveByte                                    ./build/axoloti.elf
PExTransmit                                       ./build/axoloti.elf
PWMD1                                             ./build/axoloti.elf
PWMD3                                             ./build/axoloti.elf
PWMD4                                             ./build/axoloti.elf
PWMD5                                             ./build/axoloti.elf
PWMD8                                             ./build/axoloti.elf
PatchDispose()                                    /Users/mackemint/Documents/axoloti/build/xpatch.o
PatchMidiInHandler(midi_device_t, unsigned char, unsigned char, unsigned char, unsigned char) /Users/mackemint/Documents/axoloti/build/xpatch.o
PatchProcess(long*, long*)                        /Users/mackemint/Documents/axoloti/build/xpatch.o
PendSVVector                                      ./build/axoloti.elf
ReadDirectoryListing                              ./build/axoloti.elf
ReplyFWVersion                                    ./build/axoloti.elf
ResetHandler                                      ./build/axoloti.elf
SD1                                               ./build/axoloti.elf
SD2                                               ./build/axoloti.elf
SD3                                               ./build/axoloti.elf
SD6                                               ./build/axoloti.elf
SDCD1                                             ./build/axoloti.elf
SDC_FS                                            ./build/axoloti.elf
SDRAM_Init                                        ./build/axoloti.elf
SDRAM_InitSequence                                ./build/axoloti.elf
SDRAM_ReadBuffer                                  ./build/axoloti.elf
SDRAM_WriteBuffer                                 ./build/axoloti.elf
SPID1                                             ./build/axoloti.elf
SPID3                                             ./build/axoloti.elf
SVCallVector                                      ./build/axoloti.elf
SetKVP_APVP                                       ./build/axoloti.elf
SetKVP_AVP                                        ./build/axoloti.elf
SetKVP_FNCTN                                      ./build/axoloti.elf
SetKVP_IPVP                                       ./build/axoloti.elf
                                                  /Users/mackemint/Documents/axoloti/build/xpatch.o
SetKVP_IVP                                        ./build/axoloti.elf
StartLoadPatchTread                               ./build/axoloti.elf
StartPatch                                        ./build/axoloti.elf
StopPatch                                         ./build/axoloti.elf
SysMsgLengthLookup                                ./build/axoloti.elf
SysTickVector                                     ./build/axoloti.elf
TmpMenuKvps                                       ./build/axoloti.elf
TransmitDisplayPckt                               ./build/axoloti.elf
TransmitLCDoverUSB                                ./build/axoloti.elf
UIGoSafe                                          ./build/axoloti.elf
USBD1                                             ./build/axoloti.elf
USBH_AllocPipe                                    ./build/axoloti.elf
USBH_BulkReceiveData                              ./build/axoloti.elf
USBH_BulkSendData                                 ./build/axoloti.elf
USBH_ClosePipe                                    ./build/axoloti.elf
USBH_ClrFeature                                   ./build/axoloti.elf
USBH_CtlReceiveData                               ./build/axoloti.elf
USBH_CtlReq                                       ./build/axoloti.elf
USBH_CtlSendData                                  ./build/axoloti.elf
USBH_CtlSendSetup                                 ./build/axoloti.elf
USBH_DeInit                                       ./build/axoloti.elf
USBH_Delay                                        ./build/axoloti.elf
USBH_FindInterface                                ./build/axoloti.elf
USBH_FindInterfaceIndex                           ./build/axoloti.elf
USBH_FreePipe                                     ./build/axoloti.elf
USBH_GetActiveClass                               ./build/axoloti.elf
USBH_GetDescriptor                                ./build/axoloti.elf
USBH_GetNextDesc                                  ./build/axoloti.elf
USBH_Get_CfgDesc                                  ./build/axoloti.elf
USBH_Get_DevDesc                                  ./build/axoloti.elf
USBH_Get_StringDesc                               ./build/axoloti.elf
USBH_HID_EventCallback                            ./build/axoloti.elf
USBH_HID_GetASCIICode                             ./build/axoloti.elf
USBH_HID_GetDeviceType                            ./build/axoloti.elf
USBH_HID_GetHIDDescriptor                         ./build/axoloti.elf
USBH_HID_GetHIDReportDescriptor                   ./build/axoloti.elf
USBH_HID_GetKeybdInfo                             ./build/axoloti.elf
USBH_HID_GetMouseInfo                             ./build/axoloti.elf
USBH_HID_GetPollInterval                          ./build/axoloti.elf
USBH_HID_GetReport                                ./build/axoloti.elf
USBH_HID_KeybdInit                                ./build/axoloti.elf
USBH_HID_MouseInit                                ./build/axoloti.elf
USBH_HID_SetIdle                                  ./build/axoloti.elf
USBH_HID_SetProtocol                              ./build/axoloti.elf
USBH_HID_SetReport                                ./build/axoloti.elf
USBH_Init                                         ./build/axoloti.elf
USBH_InterruptReceiveData                         ./build/axoloti.elf
USBH_InterruptSendData                            ./build/axoloti.elf
USBH_IsocReceiveData                              ./build/axoloti.elf
USBH_IsocSendData                                 ./build/axoloti.elf
USBH_LL_ClosePipe                                 ./build/axoloti.elf
USBH_LL_Connect                                   ./build/axoloti.elf
USBH_LL_DeInit                                    ./build/axoloti.elf
USBH_LL_Disconnect                                ./build/axoloti.elf
USBH_LL_DriverVBUS                                ./build/axoloti.elf
USBH_LL_GetLastXferSize                           ./build/axoloti.elf
USBH_LL_GetSpeed                                  ./build/axoloti.elf
USBH_LL_GetToggle                                 ./build/axoloti.elf
USBH_LL_IncTimer                                  ./build/axoloti.elf
USBH_LL_Init                                      ./build/axoloti.elf
USBH_LL_NotifyURBChange                           ./build/axoloti.elf
USBH_LL_OpenPipe                                  ./build/axoloti.elf
USBH_LL_ResetPort                                 ./build/axoloti.elf
USBH_LL_SetTimer                                  ./build/axoloti.elf
USBH_LL_SetToggle                                 ./build/axoloti.elf
USBH_LL_Start                                     ./build/axoloti.elf
USBH_LL_Stop                                      ./build/axoloti.elf
USBH_MIDI_ClassRequest                            ./build/axoloti.elf
USBH_MIDI_InterfaceDeInit                         ./build/axoloti.elf
USBH_MIDI_InterfaceInit                           ./build/axoloti.elf
USBH_MIDI_Process                                 ./build/axoloti.elf
USBH_MIDI_ProcessInput                            ./build/axoloti.elf
USBH_MIDI_ProcessOutput                           ./build/axoloti.elf
USBH_MIDI_SOFProcess                              ./build/axoloti.elf
USBH_OpenPipe                                     ./build/axoloti.elf
USBH_Process                                      ./build/axoloti.elf
USBH_ReEnumerate                                  ./build/axoloti.elf
USBH_RegisterClass                                ./build/axoloti.elf
USBH_SelectInterface                              ./build/axoloti.elf
USBH_SetAddress                                   ./build/axoloti.elf
USBH_SetCfg                                       ./build/axoloti.elf
USBH_SetInterface                                 ./build/axoloti.elf
USBH_Start                                        ./build/axoloti.elf
USBH_Stop                                         ./build/axoloti.elf
USB_ActivateDedicatedEndpoint                     ./build/axoloti.elf
USB_ActivateEndpoint                              ./build/axoloti.elf
USB_ActivateSetup                                 ./build/axoloti.elf
USB_ClearInterrupts                               ./build/axoloti.elf
USB_CoreInit                                      ./build/axoloti.elf
USB_DeactivateDedicatedEndpoint                   ./build/axoloti.elf
USB_DeactivateEndpoint                            ./build/axoloti.elf
USB_DevConnect                                    ./build/axoloti.elf
USB_DevDisconnect                                 ./build/axoloti.elf
USB_DevInit                                       ./build/axoloti.elf
USB_DisableGlobalInt                              ./build/axoloti.elf
USB_DoPing                                        ./build/axoloti.elf
USB_DriveVbus                                     ./build/axoloti.elf
USB_EP0StartXfer                                  ./build/axoloti.elf
USB_EP0_OutStart                                  ./build/axoloti.elf
USB_EPClearStall                                  ./build/axoloti.elf
USB_EPSetStall                                    ./build/axoloti.elf
USB_EPStartXfer                                   ./build/axoloti.elf
USB_EnableGlobalInt                               ./build/axoloti.elf
USB_FlushRxFifo                                   ./build/axoloti.elf
USB_FlushTxFifo                                   ./build/axoloti.elf
USB_GetCurrentFrame                               ./build/axoloti.elf
USB_GetDevSpeed                                   ./build/axoloti.elf
USB_GetHostSpeed                                  ./build/axoloti.elf
USB_GetMode                                       ./build/axoloti.elf
USB_HC_Halt                                       ./build/axoloti.elf
USB_HC_Init                                       ./build/axoloti.elf
USB_HC_ReadInterrupt                              ./build/axoloti.elf
USB_HC_StartXfer                                  ./build/axoloti.elf
USB_HostInit                                      ./build/axoloti.elf
USB_InitFSLSPClkSel                               ./build/axoloti.elf
USB_ReadDevAllInEpInterrupt                       ./build/axoloti.elf
USB_ReadDevAllOutEpInterrupt                      ./build/axoloti.elf
USB_ReadDevInEPInterrupt                          ./build/axoloti.elf
USB_ReadDevOutEPInterrupt                         ./build/axoloti.elf
USB_ReadInterrupts                                ./build/axoloti.elf
USB_ReadPacket                                    ./build/axoloti.elf
USB_ResetPort                                     ./build/axoloti.elf
USB_SetCurrentMode                                ./build/axoloti.elf
USB_SetDevAddress                                 ./build/axoloti.elf
USB_SetDevSpeed                                   ./build/axoloti.elf
USB_StopDevice                                    ./build/axoloti.elf
USB_StopHost                                      ./build/axoloti.elf
USB_WritePacket                                   ./build/axoloti.elf
UsageFaultVector                                  ./build/axoloti.elf
Vector100                                         ./build/axoloti.elf
Vector104                                         ./build/axoloti.elf
Vector108                                         ./build/axoloti.elf
Vector10C                                         ./build/axoloti.elf
Vector110                                         ./build/axoloti.elf
Vector114                                         ./build/axoloti.elf
Vector118                                         ./build/axoloti.elf
Vector11C                                         ./build/axoloti.elf
Vector120                                         ./build/axoloti.elf
Vector124                                         ./build/axoloti.elf
Vector128                                         ./build/axoloti.elf
Vector12C                                         ./build/axoloti.elf
Vector130                                         ./build/axoloti.elf
Vector134                                         ./build/axoloti.elf
Vector138                                         ./build/axoloti.elf
Vector13C                                         ./build/axoloti.elf
Vector140                                         ./build/axoloti.elf
Vector144                                         ./build/axoloti.elf
Vector148                                         ./build/axoloti.elf
Vector14C                                         ./build/axoloti.elf
Vector150                                         ./build/axoloti.elf
Vector154                                         ./build/axoloti.elf
Vector158                                         ./build/axoloti.elf
Vector15C                                         ./build/axoloti.elf
Vector160                                         ./build/axoloti.elf
Vector164                                         ./build/axoloti.elf
Vector168                                         ./build/axoloti.elf
Vector16C                                         ./build/axoloti.elf
Vector170                                         ./build/axoloti.elf
Vector174                                         ./build/axoloti.elf
Vector178                                         ./build/axoloti.elf
Vector17C                                         ./build/axoloti.elf
Vector180                                         ./build/axoloti.elf
Vector184                                         ./build/axoloti.elf
Vector188                                         ./build/axoloti.elf
Vector18C                                         ./build/axoloti.elf
Vector190                                         ./build/axoloti.elf
Vector194                                         ./build/axoloti.elf
Vector198                                         ./build/axoloti.elf
Vector19C                                         ./build/axoloti.elf
Vector1A0                                         ./build/axoloti.elf
Vector1A4                                         ./build/axoloti.elf
Vector1A8                                         ./build/axoloti.elf
Vector1C                                          ./build/axoloti.elf
Vector20                                          ./build/axoloti.elf
Vector24                                          ./build/axoloti.elf
Vector28                                          ./build/axoloti.elf
Vector34                                          ./build/axoloti.elf
Vector40                                          ./build/axoloti.elf
Vector44                                          ./build/axoloti.elf
Vector48                                          ./build/axoloti.elf
Vector4C                                          ./build/axoloti.elf
Vector50                                          ./build/axoloti.elf
Vector54                                          ./build/axoloti.elf
Vector58                                          ./build/axoloti.elf
Vector5C                                          ./build/axoloti.elf
Vector60                                          ./build/axoloti.elf
Vector64                                          ./build/axoloti.elf
Vector68                                          ./build/axoloti.elf
Vector6C                                          ./build/axoloti.elf
Vector70                                          ./build/axoloti.elf
Vector74                                          ./build/axoloti.elf
Vector78                                          ./build/axoloti.elf
Vector7C                                          ./build/axoloti.elf
Vector80                                          ./build/axoloti.elf
Vector84                                          ./build/axoloti.elf
Vector88                                          ./build/axoloti.elf
Vector8C                                          ./build/axoloti.elf
Vector90                                          ./build/axoloti.elf
Vector94                                          ./build/axoloti.elf
Vector98                                          ./build/axoloti.elf
Vector9C                                          ./build/axoloti.elf
VectorA0                                          ./build/axoloti.elf
VectorA4                                          ./build/axoloti.elf
VectorA8                                          ./build/axoloti.elf
VectorAC                                          ./build/axoloti.elf
VectorB0                                          ./build/axoloti.elf
VectorB4                                          ./build/axoloti.elf
VectorB8                                          ./build/axoloti.elf
VectorBC                                          ./build/axoloti.elf
VectorC0                                          ./build/axoloti.elf
VectorC4                                          ./build/axoloti.elf
VectorC8                                          ./build/axoloti.elf
VectorCC                                          ./build/axoloti.elf
VectorD0                                          ./build/axoloti.elf
VectorD4                                          ./build/axoloti.elf
VectorD8                                          ./build/axoloti.elf
VectorDC                                          ./build/axoloti.elf
VectorE0                                          ./build/axoloti.elf
VectorE4                                          ./build/axoloti.elf
VectorE8                                          ./build/axoloti.elf
VectorEC                                          ./build/axoloti.elf
VectorF0                                          ./build/axoloti.elf
VectorF4                                          ./build/axoloti.elf
VectorF8                                          ./build/axoloti.elf
VectorFC                                          ./build/axoloti.elf
Vendor_Class                                      ./build/axoloti.elf
_Balloc                                           ./build/axoloti.elf
_Bfree                                            ./build/axoloti.elf
_PathLocale                                       ./build/axoloti.elf
__adddf3                                          ./build/axoloti.elf
__aeabi_cdcmpeq                                   ./build/axoloti.elf
__aeabi_cdcmple                                   ./build/axoloti.elf
__aeabi_cdrcmple                                  ./build/axoloti.elf
__aeabi_d2f                                       ./build/axoloti.elf
__aeabi_d2iz                                      ./build/axoloti.elf
__aeabi_d2uiz                                     ./build/axoloti.elf
__aeabi_dadd                                      ./build/axoloti.elf
__aeabi_dcmpeq                                    ./build/axoloti.elf
__aeabi_dcmpge                                    ./build/axoloti.elf
__aeabi_dcmpgt                                    ./build/axoloti.elf
__aeabi_dcmple                                    ./build/axoloti.elf
__aeabi_dcmplt                                    ./build/axoloti.elf
__aeabi_ddiv                                      ./build/axoloti.elf
__aeabi_dmul                                      ./build/axoloti.elf
__aeabi_drsub                                     ./build/axoloti.elf
__aeabi_dsub                                      ./build/axoloti.elf
__aeabi_f2d                                       ./build/axoloti.elf
__aeabi_i2d                                       ./build/axoloti.elf
__aeabi_idiv0                                     ./build/axoloti.elf
__aeabi_l2d                                       ./build/axoloti.elf
__aeabi_ldiv0                                     ./build/axoloti.elf
__aeabi_ui2d                                      ./build/axoloti.elf
__aeabi_ul2d                                      ./build/axoloti.elf
__aeabi_uldivmod                                  ./build/axoloti.elf
__any_on                                          ./build/axoloti.elf
__b2d                                             ./build/axoloti.elf
__cmpdf2                                          ./build/axoloti.elf
__copybits                                        ./build/axoloti.elf
__ctor_array_end                                  /Users/mackemint/Documents/axoloti/build/xpatch.o
__ctor_array_start                                /Users/mackemint/Documents/axoloti/build/xpatch.o
__d2b                                             ./build/axoloti.elf
__divdf3                                          ./build/axoloti.elf
__divdi3                                          ./build/axoloti.elf
__dtor_array_end                                  /Users/mackemint/Documents/axoloti/build/xpatch.o
__dtor_array_start                                /Users/mackemint/Documents/axoloti/build/xpatch.o
__early_init                                      ./build/axoloti.elf
__eqdf2                                           ./build/axoloti.elf
__errno                                           ./build/axoloti.elf
__extendsfdf2                                     ./build/axoloti.elf
__fdlib_version                                   ./build/axoloti.elf
__fini_array_end                                  ./build/axoloti.elf
__fini_array_start                                ./build/axoloti.elf
__fixdfsi                                         ./build/axoloti.elf
__fixunsdfsi                                      ./build/axoloti.elf
__floatdidf                                       ./build/axoloti.elf
__floatsidf                                       ./build/axoloti.elf
__floatundidf                                     ./build/axoloti.elf
__floatunsidf                                     ./build/axoloti.elf
__fpclassifyd                                     ./build/axoloti.elf
__fpclassifyf                                     ./build/axoloti.elf
__gedf2                                           ./build/axoloti.elf
__gnu_ldivmod_helper                              ./build/axoloti.elf
__gnu_uldivmod_helper                             ./build/axoloti.elf
__gtdf2                                           ./build/axoloti.elf
__heap_base__                                     ./build/axoloti.elf
__heap_end__                                      ./build/axoloti.elf
__hi0bits                                         ./build/axoloti.elf
__i2b                                             ./build/axoloti.elf
__ieee754_log                                     ./build/axoloti.elf
__ieee754_pow                                     ./build/axoloti.elf
__ieee754_powf                                    ./build/axoloti.elf
__ieee754_rem_pio2f                               ./build/axoloti.elf
__ieee754_sqrt                                    ./build/axoloti.elf
__ieee754_sqrtf                                   ./build/axoloti.elf
__init_array_end                                  ./build/axoloti.elf
__init_array_start                                ./build/axoloti.elf
__kernel_cosf                                     ./build/axoloti.elf
__kernel_rem_pio2f                                ./build/axoloti.elf
__kernel_sinf                                     ./build/axoloti.elf
__late_init                                       ./build/axoloti.elf
__ledf2                                           ./build/axoloti.elf
__lo0bits                                         ./build/axoloti.elf
__locale_charset                                  ./build/axoloti.elf
__locale_cjk_lang                                 ./build/axoloti.elf
__locale_mb_cur_max                               ./build/axoloti.elf
__locale_msgcharset                               ./build/axoloti.elf
__lshift                                          ./build/axoloti.elf
__ltdf2                                           ./build/axoloti.elf
__main_stack_base__                               ./build/axoloti.elf
__main_stack_end__                                ./build/axoloti.elf
__main_stack_size__                               ./build/axoloti.elf
__main_thread_stack_base__                        ./build/axoloti.elf
__main_thread_stack_end__                         ./build/axoloti.elf
__malloc_av_                                      ./build/axoloti.elf
__malloc_current_mallinfo                         ./build/axoloti.elf
__malloc_lock                                     ./build/axoloti.elf
__malloc_max_sbrked_mem                           ./build/axoloti.elf
__malloc_max_total_mem                            ./build/axoloti.elf
__malloc_sbrk_base                                ./build/axoloti.elf
__malloc_top_pad                                  ./build/axoloti.elf
__malloc_trim_threshold                           ./build/axoloti.elf
__malloc_unlock                                   ./build/axoloti.elf
__mb_cur_max                                      ./build/axoloti.elf
__mcmp                                            ./build/axoloti.elf
__mdiff                                           ./build/axoloti.elf
__mlocale_changed                                 ./build/axoloti.elf
__mprec_bigtens                                   ./build/axoloti.elf
__mprec_tens                                      ./build/axoloti.elf
__mprec_tinytens                                  ./build/axoloti.elf
__muldf3                                          ./build/axoloti.elf
__multadd                                         ./build/axoloti.elf
__multiply                                        ./build/axoloti.elf
__nedf2                                           ./build/axoloti.elf
__nlocale_changed                                 ./build/axoloti.elf
__pow5mult                                        ./build/axoloti.elf
__process_stack_base__                            ./build/axoloti.elf
__process_stack_end__                             ./build/axoloti.elf
__process_stack_size__                            ./build/axoloti.elf
__ram_end__                                       ./build/axoloti.elf
__ram_size__                                      ./build/axoloti.elf
__ram_start__                                     ./build/axoloti.elf
__ratio                                           ./build/axoloti.elf
__s2b                                             ./build/axoloti.elf
__sdram_end__                                     ./build/axoloti.elf
__sdram_size__                                    ./build/axoloti.elf
__sdram_start__                                   ./build/axoloti.elf
__ssprint_r                                       ./build/axoloti.elf
__subdf3                                          ./build/axoloti.elf
__truncdfsf2                                      ./build/axoloti.elf
__udivdi3                                         ./build/axoloti.elf
__ulp                                             ./build/axoloti.elf
_binary_808bd_raw_end                             ./build/axoloti.elf
_binary_808bd_raw_size                            ./build/axoloti.elf
_binary_808bd_raw_start                           ./build/axoloti.elf
_binary_808hatclose_raw_end                       ./build/axoloti.elf
_binary_808hatclose_raw_size                      ./build/axoloti.elf
_binary_808hatclose_raw_start                     ./build/axoloti.elf
_binary_808hatopen_raw_end                        ./build/axoloti.elf
_binary_808hatopen_raw_size                       ./build/axoloti.elf
_binary_808hatopen_raw_start                      ./build/axoloti.elf
_binary_808hitom_raw_end                          ./build/axoloti.elf
_binary_808hitom_raw_size                         ./build/axoloti.elf
_binary_808hitom_raw_start                        ./build/axoloti.elf
_binary_808lotom_raw_end                          ./build/axoloti.elf
_binary_808lotom_raw_size                         ./build/axoloti.elf
_binary_808lotom_raw_start                        ./build/axoloti.elf
_binary_808midtom_raw_end                         ./build/axoloti.elf
_binary_808midtom_raw_size                        ./build/axoloti.elf
_binary_808midtom_raw_start                       ./build/axoloti.elf
_binary_808snare_raw_end                          ./build/axoloti.elf
_binary_808snare_raw_size                         ./build/axoloti.elf
_binary_808snare_raw_start                        ./build/axoloti.elf
_bss_end                                          ./build/axoloti.elf
_bss_start                                        ./build/axoloti.elf
_calloc_r                                         ./build/axoloti.elf
_core_init                                        ./build/axoloti.elf
_data                                             ./build/axoloti.elf
_default_exit                                     ./build/axoloti.elf
_dtoa_r                                           ./build/axoloti.elf
_edata                                            ./build/axoloti.elf
_end                                              ./build/axoloti.elf
_etext                                            ./build/axoloti.elf
_flash_end                                        ./build/axoloti.elf
_free_r                                           ./build/axoloti.elf
_global_impure_ptr                                ./build/axoloti.elf
_heap_init                                        ./build/axoloti.elf
_idle_thread                                      ./build/axoloti.elf
_idle_thread_wa                                   ./build/axoloti.elf
_impure_ptr                                       ./build/axoloti.elf
_localeconv_r                                     ./build/axoloti.elf
_malloc_r                                         ./build/axoloti.elf
_malloc_trim_r                                    ./build/axoloti.elf
_mprec_log10                                      ./build/axoloti.elf
_pal_lld_init                                     ./build/axoloti.elf
_pal_lld_setgroupmode                             ./build/axoloti.elf
                                                  /Users/mackemint/Documents/axoloti/build/xpatch.o
_pbss_end                                         /Users/mackemint/Documents/axoloti/build/xpatch.o
_pbss_start                                       /Users/mackemint/Documents/axoloti/build/xpatch.o
_port_init                                        ./build/axoloti.elf
_port_irq_epilogue                                ./build/axoloti.elf
_port_switch                                      ./build/axoloti.elf
_port_switch_from_isr                             ./build/axoloti.elf
_port_thread_start                                ./build/axoloti.elf
_realloc_r                                        ./build/axoloti.elf
_reclaim_reent                                    ./build/axoloti.elf
_sbrk                                             ./build/axoloti.elf
_sbrk_r                                           ./build/axoloti.elf
_scheduler_init                                   ./build/axoloti.elf
_sdc_wait_for_transfer_state                      ./build/axoloti.elf
_setlocale_r                                      ./build/axoloti.elf
_sprintf_r                                        ./build/axoloti.elf
_stm32_dma_streams                                ./build/axoloti.elf
_svfiprintf_r                                     ./build/axoloti.elf
_svfprintf_r                                      ./build/axoloti.elf
_text                                             ./build/axoloti.elf
_textdata                                         ./build/axoloti.elf
_thread_init                                      ./build/axoloti.elf
_unhandled_exception                              ./build/axoloti.elf
_usb_ep0in                                        ./build/axoloti.elf
_usb_ep0out                                       ./build/axoloti.elf
_usb_ep0setup                                     ./build/axoloti.elf
_usb_reset                                        ./build/axoloti.elf
_vectors                                          ./build/axoloti.elf
_vt_init                                          ./build/axoloti.elf
adcAcquireBus                                     ./build/axoloti.elf
adcConvert                                        ./build/axoloti.elf
adcInit                                           ./build/axoloti.elf
adcObjectInit                                     ./build/axoloti.elf
adcReleaseBus                                     ./build/axoloti.elf
adcSTM32DisableTSVREFE                            ./build/axoloti.elf
adcSTM32DisableVBATE                              ./build/axoloti.elf
adcSTM32EnableTSVREFE                             ./build/axoloti.elf
adcSTM32EnableVBATE                               ./build/axoloti.elf
adcStart                                          ./build/axoloti.elf
adcStartConversion                                ./build/axoloti.elf
adcStartConversionI                               ./build/axoloti.elf
adcStop                                           ./build/axoloti.elf
adcStopConversion                                 ./build/axoloti.elf
adcStopConversionI                                ./build/axoloti.elf
adc_configpads                                    ./build/axoloti.elf
adc_convert                                       ./build/axoloti.elf
adc_init                                          ./build/axoloti.elf
adc_lld_init                                      ./build/axoloti.elf
adc_lld_start                                     ./build/axoloti.elf
adc_lld_start_conversion                          ./build/axoloti.elf
adc_lld_stop                                      ./build/axoloti.elf
adc_lld_stop_conversion                           ./build/axoloti.elf
adcvalues                                         ./build/axoloti.elf
                                                  /Users/mackemint/Documents/axoloti/build/xpatch.o
armBitRevIndexTable1024                           ./build/axoloti.elf
armBitRevIndexTable128                            ./build/axoloti.elf
armBitRevIndexTable16                             ./build/axoloti.elf
armBitRevIndexTable2048                           ./build/axoloti.elf
armBitRevIndexTable256                            ./build/axoloti.elf
armBitRevIndexTable32                             ./build/axoloti.elf
armBitRevIndexTable4096                           ./build/axoloti.elf
armBitRevIndexTable512                            ./build/axoloti.elf
armBitRevIndexTable64                             ./build/axoloti.elf
armBitRevTable                                    ./build/axoloti.elf
armRecipTableQ15                                  ./build/axoloti.elf
armRecipTableQ31                                  ./build/axoloti.elf
arm_biquad_cas_df1_32x64_init_q31                 ./build/axoloti.elf
arm_biquad_cas_df1_32x64_q31                      ./build/axoloti.elf
arm_biquad_cascade_df1_fast_q31                   ./build/axoloti.elf
arm_biquad_cascade_df1_init_q31                   ./build/axoloti.elf
arm_biquad_cascade_df1_q31                        ./build/axoloti.elf
arm_bitreversal_f32                               ./build/axoloti.elf
arm_bitreversal_q15                               ./build/axoloti.elf
arm_bitreversal_q31                               ./build/axoloti.elf
arm_cfft_radix4_init_q31                          ./build/axoloti.elf
arm_cfft_radix4_q31                               ./build/axoloti.elf
arm_cmplx_mag_q31                                 ./build/axoloti.elf
arm_cmplx_mult_cmplx_q31                          ./build/axoloti.elf
arm_cos_q31                                       ./build/axoloti.elf
                                                  /Users/mackemint/Documents/axoloti/build/xpatch.o
arm_dct4_q31                                      ./build/axoloti.elf
arm_fir_decimate_fast_q31                         ./build/axoloti.elf
arm_fir_decimate_init_q31                         ./build/axoloti.elf
arm_fir_decimate_q31                              ./build/axoloti.elf
arm_fir_fast_q31                                  ./build/axoloti.elf
arm_fir_init_q31                                  ./build/axoloti.elf
arm_fir_interpolate_init_q31                      ./build/axoloti.elf
arm_fir_interpolate_q31                           ./build/axoloti.elf
arm_fir_lattice_init_q31                          ./build/axoloti.elf
arm_fir_lattice_q31                               ./build/axoloti.elf
arm_iir_lattice_init_q31                          ./build/axoloti.elf
arm_iir_lattice_q31                               ./build/axoloti.elf
arm_mult_q31                                      ./build/axoloti.elf
arm_radix4_butterfly_inverse_q31                  ./build/axoloti.elf
arm_radix4_butterfly_q31                          ./build/axoloti.elf
arm_rfft_init_q31                                 ./build/axoloti.elf
arm_rfft_q31                                      ./build/axoloti.elf
arm_shift_q31                                     ./build/axoloti.elf
arm_sin_q31                                       ./build/axoloti.elf
                                                  /Users/mackemint/Documents/axoloti/build/xpatch.o
arm_split_rfft_q31                                ./build/axoloti.elf
arm_split_rifft_q31                               ./build/axoloti.elf
arm_sqrt_q31                                      ./build/axoloti.elf
axoloti_board_init                                ./build/axoloti.elf
axoloti_control_init                              ./build/axoloti.elf
axoloti_init                                      ./build/axoloti.elf
axoloti_math_init                                 ./build/axoloti.elf
bduConfigureHookI                                 ./build/axoloti.elf
bduDataReceived                                   ./build/axoloti.elf
bduDataTransmitted                                ./build/axoloti.elf
bduInit                                           ./build/axoloti.elf
bduObjectInit                                     ./build/axoloti.elf
bduRequestsHook                                   ./build/axoloti.elf
bduStart                                          ./build/axoloti.elf
bduStop                                           ./build/axoloti.elf
biquad_bp_coefs                                   ./build/axoloti.elf
                                                  /Users/mackemint/Documents/axoloti/build/xpatch.o
biquad_hp_coefs                                   ./build/axoloti.elf
                                                  /Users/mackemint/Documents/axoloti/build/xpatch.o
blept                                             ./build/axoloti.elf
                                                  /Users/mackemint/Documents/axoloti/build/xpatch.o
boardInit                                         ./build/axoloti.elf
buf                                               ./build/axoloti.elf
buf2                                              ./build/axoloti.elf
bulkusbcfg                                        ./build/axoloti.elf
calcCIN                                           ./build/axoloti.elf
calcCIN1                                          ./build/axoloti.elf
calcDS1                                           ./build/axoloti.elf
calcPH                                            ./build/axoloti.elf
chCoreAlloc                                       ./build/axoloti.elf
chCoreAllocI                                      ./build/axoloti.elf
chCoreStatus                                      ./build/axoloti.elf
chEvtAddEvents                                    ./build/axoloti.elf
chEvtBroadcastFlags                               ./build/axoloti.elf
chEvtBroadcastFlagsI                              ./build/axoloti.elf
chEvtDispatch                                     ./build/axoloti.elf
chEvtGetAndClearEvents                            ./build/axoloti.elf
chEvtGetAndClearFlags                             ./build/axoloti.elf
chEvtGetAndClearFlagsI                            ./build/axoloti.elf
chEvtRegisterMask                                 ./build/axoloti.elf
chEvtSignal                                       ./build/axoloti.elf
chEvtSignalI                                      ./build/axoloti.elf
chEvtUnregister                                   ./build/axoloti.elf
chEvtWaitAll                                      ./build/axoloti.elf
chEvtWaitAllTimeout                               ./build/axoloti.elf
chEvtWaitAny                                      ./build/axoloti.elf
chEvtWaitAnyTimeout                               ./build/axoloti.elf
chEvtWaitOne                                      ./build/axoloti.elf
chEvtWaitOneTimeout                               ./build/axoloti.elf
chHeapAlloc                                       ./build/axoloti.elf
chHeapFree                                        ./build/axoloti.elf
chHeapInit                                        ./build/axoloti.elf
chHeapStatus                                      ./build/axoloti.elf
chIQGetTimeout                                    ./build/axoloti.elf
chIQInit                                          ./build/axoloti.elf
chIQPutI                                          ./build/axoloti.elf
chIQReadTimeout                                   ./build/axoloti.elf
chIQResetI                                        ./build/axoloti.elf
chMsgRelease                                      ./build/axoloti.elf
chMsgSend                                         ./build/axoloti.elf
chMsgWait                                         ./build/axoloti.elf
chMtxInit                                         ./build/axoloti.elf
chMtxLock                                         ./build/axoloti.elf
chMtxLockS                                        ./build/axoloti.elf
chMtxTryLock                                      ./build/axoloti.elf
chMtxTryLockS                                     ./build/axoloti.elf
chMtxUnlock                                       ./build/axoloti.elf
chMtxUnlockAll                                    ./build/axoloti.elf
chMtxUnlockS                                      ./build/axoloti.elf
chOQGetI                                          ./build/axoloti.elf
chOQInit                                          ./build/axoloti.elf
chOQPutTimeout                                    ./build/axoloti.elf
chOQResetI                                        ./build/axoloti.elf
chOQWriteTimeout                                  ./build/axoloti.elf
chRegFirstThread                                  ./build/axoloti.elf
chRegNextThread                                   ./build/axoloti.elf
chSchDoReschedule                                 ./build/axoloti.elf
chSchDoRescheduleAhead                            ./build/axoloti.elf
chSchDoRescheduleBehind                           ./build/axoloti.elf
chSchGoSleepS                                     ./build/axoloti.elf
chSchGoSleepTimeoutS                              ./build/axoloti.elf
chSchReadyI                                       ./build/axoloti.elf
chSchRescheduleS                                  ./build/axoloti.elf
chSchWakeupS                                      ./build/axoloti.elf
chSemAddCounterI                                  ./build/axoloti.elf
chSemInit                                         ./build/axoloti.elf
chSemReset                                        ./build/axoloti.elf
chSemResetI                                       ./build/axoloti.elf
chSemSignal                                       ./build/axoloti.elf
chSemSignalI                                      ./build/axoloti.elf
chSemSignalWait                                   ./build/axoloti.elf
chSemWait                                         ./build/axoloti.elf
chSemWaitS                                        ./build/axoloti.elf
chSemWaitTimeout                                  ./build/axoloti.elf
chSemWaitTimeoutS                                 ./build/axoloti.elf
chSysInit                                         ./build/axoloti.elf
chSysTimerHandlerI                                ./build/axoloti.elf
chThdCreateI                                      ./build/axoloti.elf
chThdCreateStatic                                 ./build/axoloti.elf
chThdExit                                         ./build/axoloti.elf
chThdExitS                                        ./build/axoloti.elf
chThdResume                                       ./build/axoloti.elf
chThdSetPriority                                  ./build/axoloti.elf
chThdSleep                                        ./build/axoloti.elf
chThdSleepUntil                                   ./build/axoloti.elf
chThdTerminate                                    ./build/axoloti.elf
chThdWait                                         ./build/axoloti.elf
chThdYield                                        ./build/axoloti.elf
chVTResetI                                        ./build/axoloti.elf
chVTSetI                                          ./build/axoloti.elf
ch_debug                                          ./build/axoloti.elf
chsnprintf                                        ./build/axoloti.elf
chvprintf                                         ./build/axoloti.elf
cleanup_glue                                      ./build/axoloti.elf
clust2sect                                        ./build/axoloti.elf
codecStop                                         ./build/axoloti.elf
codec_ADAU1961_Stop                               ./build/axoloti.elf
codec_ADAU1961_hw_init                            ./build/axoloti.elf
codec_ADAU1961_hw_reset                           ./build/axoloti.elf
codec_ADAU1961_i2s_init                           ./build/axoloti.elf
codec_clearbuffer                                 ./build/axoloti.elf
codec_init                                        ./build/axoloti.elf
codec_interrupt_timestamp                         ./build/axoloti.elf
computebufI                                       ./build/axoloti.elf
configSDRAM                                       ./build/axoloti.elf
connected                                         ./build/axoloti.elf
control_rx_buffer                                 ./build/axoloti.elf
copysign                                          ./build/axoloti.elf
copysignf                                         ./build/axoloti.elf
cosf                                              ./build/axoloti.elf
dbg_set_i                                         ./build/axoloti.elf
disk_initialize                                   ./build/axoloti.elf
disk_ioctl                                        ./build/axoloti.elf
disk_read                                         ./build/axoloti.elf
disk_status                                       ./build/axoloti.elf
disk_write                                        ./build/axoloti.elf
dmaInit                                           ./build/axoloti.elf
dmaStreamAllocate                                 ./build/axoloti.elf
dmaStreamRelease                                  ./build/axoloti.elf
do_axoloti_control                                ./build/axoloti.elf
dspLoadPct                                        ./build/axoloti.elf
errno                                             ./build/axoloti.elf
errorFlagClearAll                                 ./build/axoloti.elf
errorflags                                        ./build/axoloti.elf
exception_check                                   ./build/axoloti.elf
exception_check_DFU                               ./build/axoloti.elf
exception_checkandreport                          ./build/axoloti.elf
exception_clear                                   ./build/axoloti.elf
exception_init                                    ./build/axoloti.elf
exception_initiate_dfu                            ./build/axoloti.elf
expt                                              ./build/axoloti.elf
f_chdir                                           ./build/axoloti.elf
f_chdrive                                         ./build/axoloti.elf
f_chmod                                           ./build/axoloti.elf
f_close                                           ./build/axoloti.elf
f_filter_biquad_A                                 ./build/axoloti.elf
f_filter_biquad_S                                 ./build/axoloti.elf
f_getcwd                                          ./build/axoloti.elf
f_getfree                                         ./build/axoloti.elf
f_lseek                                           ./build/axoloti.elf
f_mkdir                                           ./build/axoloti.elf
f_mkfs                                            ./build/axoloti.elf
f_mount                                           ./build/axoloti.elf
f_open                                            ./build/axoloti.elf
f_opendir                                         ./build/axoloti.elf
f_read                                            ./build/axoloti.elf
f_readdir                                         ./build/axoloti.elf
f_rename                                          ./build/axoloti.elf
f_stat                                            ./build/axoloti.elf
f_sync                                            ./build/axoloti.elf
f_truncate                                        ./build/axoloti.elf
f_unlink                                          ./build/axoloti.elf
f_utime                                           ./build/axoloti.elf
f_write                                           ./build/axoloti.elf
fabs                                              ./build/axoloti.elf
fabsf                                             ./build/axoloti.elf
fakefree                                          ./build/axoloti.elf
fakemalloc                                        ./build/axoloti.elf
fbuff                                             ./build/axoloti.elf
fexp                                              ./build/axoloti.elf
ff_convert                                        ./build/axoloti.elf
ff_cre_syncobj                                    ./build/axoloti.elf
ff_del_syncobj                                    ./build/axoloti.elf
ff_rel_grant                                      ./build/axoloti.elf
ff_req_grant                                      ./build/axoloti.elf
ff_wtoupper                                       ./build/axoloti.elf
fifo_init                                         ./build/axoloti.elf
fifo_read                                         ./build/axoloti.elf
fifo_write                                        ./build/axoloti.elf
finite                                            ./build/axoloti.elf
finitef                                           ./build/axoloti.elf
flash_Erase_sector                                ./build/axoloti.elf
flash_Erase_sector1                               ./build/axoloti.elf
flash_ProgramWord                                 ./build/axoloti.elf
flash_WaitForLastOperation                        ./build/axoloti.elf
flash_unlock                                      ./build/axoloti.elf
floorf                                            ./build/axoloti.elf
font                                              ./build/axoloti.elf
fs_err_name                                       ./build/axoloti.elf
fs_ready                                          ./build/axoloti.elf
fsini                                             ./build/axoloti.elf
fwid                                              ./build/axoloti.elf
gen_numname                                       ./build/axoloti.elf
getErrorFlag                                      ./build/axoloti.elf
get_fat                                           ./build/axoloti.elf
get_fattime                                       ./build/axoloti.elf
hHCD                                              ./build/axoloti.elf
hUSBHost                                          ./build/axoloti.elf
halInit                                           ./build/axoloti.elf
halIsCounterWithin                                ./build/axoloti.elf
halPolledDelay                                    ./build/axoloti.elf
hal_lld_init                                      ./build/axoloti.elf
hid_buttons                                       ./build/axoloti.elf
hid_mouse_x                                       ./build/axoloti.elf
hid_mouse_y                                       ./build/axoloti.elf
i2cAcquireBus                                     ./build/axoloti.elf
i2cGetErrors                                      ./build/axoloti.elf
i2cInit                                           ./build/axoloti.elf
i2cMasterReceiveTimeout                           ./build/axoloti.elf
i2cMasterTransmitTimeout                          ./build/axoloti.elf
i2cObjectInit                                     ./build/axoloti.elf
i2cReleaseBus                                     ./build/axoloti.elf
i2cStart                                          ./build/axoloti.elf
i2cStop                                           ./build/axoloti.elf
i2c_lld_init                                      ./build/axoloti.elf
i2c_lld_master_receive_timeout                    ./build/axoloti.elf
i2c_lld_master_transmit_timeout                   ./build/axoloti.elf
i2c_lld_start                                     ./build/axoloti.elf
i2c_lld_stop                                      ./build/axoloti.elf
init_filter_biquad_A                              ./build/axoloti.elf
init_filter_biquad_S                              ./build/axoloti.elf
inttohex                                          ./build/axoloti.elf
isEnabled                                         ./build/axoloti.elf
isValidInput                                      ./build/axoloti.elf
isValidOutput                                     ./build/axoloti.elf
k                                                 ./build/axoloti.elf
k_scope_DisplayFunction                           ./build/axoloti.elf
k_scope_DisplayFunction2                          ./build/axoloti.elf
k_scope_DisplayFunction3                          ./build/axoloti.elf
k_scope_DisplayFunction4                          ./build/axoloti.elf
k_value_DisplayFunction                           ./build/axoloti.elf
keybd_info                                        ./build/axoloti.elf
keybd_report_data                                 ./build/axoloti.elf
lcd_buffer                                        ./build/axoloti.elf
led_buffer                                        ./build/axoloti.elf
localeconv                                        ./build/axoloti.elf
log                                               ./build/axoloti.elf
logt                                              ./build/axoloti.elf
main                                              ./build/axoloti.elf
matherr                                           ./build/axoloti.elf
mduConfigureHookI                                 ./build/axoloti.elf
mduDataReceived                                   ./build/axoloti.elf
mduDataTransmitted                                ./build/axoloti.elf
mduInit                                           ./build/axoloti.elf
mduObjectInit                                     ./build/axoloti.elf
mduRequestsHook                                   ./build/axoloti.elf
mduStart                                          ./build/axoloti.elf
mduStop                                           ./build/axoloti.elf
mem                                               ./build/axoloti.elf
memTest                                           ./build/axoloti.elf
memchr                                            ./build/axoloti.elf
memcpy                                            ./build/axoloti.elf
memmove                                           ./build/axoloti.elf
memp                                              ./build/axoloti.elf
memset                                            ./build/axoloti.elf
                                                  /Users/mackemint/Documents/axoloti/build/xpatch.o
memused                                           ./build/axoloti.elf
midi_init                                         ./build/axoloti.elf
midi_usb_MidiSend1                                ./build/axoloti.elf
midi_usb_MidiSend2                                ./build/axoloti.elf
midi_usb_MidiSend3                                ./build/axoloti.elf
midiusbcfg                                        ./build/axoloti.elf
mmcsdGetCapacity                                  ./build/axoloti.elf
mouse_info                                        ./build/axoloti.elf
mouse_report_data                                 ./build/axoloti.elf
msObjectInit                                      ./build/axoloti.elf
nan                                               ./build/axoloti.elf
nanf                                              ./build/axoloti.elf
nvicDisableVector                                 ./build/axoloti.elf
nvicEnableVector                                  ./build/axoloti.elf
nvicSetSystemHandlerPriority                      ./build/axoloti.elf
pControlUpdate                                    ./build/axoloti.elf
pFile                                             ./build/axoloti.elf
pFileSize                                         ./build/axoloti.elf
palReadBus                                        ./build/axoloti.elf
palSetBusMode                                     ./build/axoloti.elf
palWriteBus                                       ./build/axoloti.elf
pal_default_config                                ./build/axoloti.elf
patchMeta                                         ./build/axoloti.elf
                                                  /Users/mackemint/Documents/axoloti/build/xpatch.o
patchStatus                                       ./build/axoloti.elf
pattern                                           ./build/axoloti.elf
pattern_index                                     ./build/axoloti.elf
pitcht                                            ./build/axoloti.elf
                                                  /Users/mackemint/Documents/axoloti/build/xpatch.o
port_halt                                         ./build/axoloti.elf
pow                                               ./build/axoloti.elf
powf                                              ./build/axoloti.elf
prvGetRegistersFromStack                          ./build/axoloti.elf
put_fat                                           ./build/axoloti.elf
pwmChangePeriod                                   ./build/axoloti.elf
pwmDisableChannel                                 ./build/axoloti.elf
pwmEnableChannel                                  ./build/axoloti.elf
pwmInit                                           ./build/axoloti.elf
pwmObjectInit                                     ./build/axoloti.elf
pwmStart                                          ./build/axoloti.elf
pwmStop                                           ./build/axoloti.elf
pwm_lld_disable_channel                           ./build/axoloti.elf
pwm_lld_enable_channel                            ./build/axoloti.elf
pwm_lld_init                                      ./build/axoloti.elf
pwm_lld_start                                     ./build/axoloti.elf
pwm_lld_stop                                      ./build/axoloti.elf
rbuf                                              ./build/axoloti.elf
rbuf2                                             ./build/axoloti.elf
repeat                                            ./build/axoloti.elf
report_exception                                  ./build/axoloti.elf
report_fatfs_error                                ./build/axoloti.elf
report_patchLoadFail                              ./build/axoloti.elf
revbit                                            ./build/axoloti.elf
rint                                              ./build/axoloti.elf
rlist                                             ./build/axoloti.elf
rootc::GetInitParams()::p                         /Users/mackemint/Documents/axoloti/build/xpatch.o
rootc::GetPresets()::p                            /Users/mackemint/Documents/axoloti/build/xpatch.o
rootc::Init()                                     /Users/mackemint/Documents/axoloti/build/xpatch.o
rootc::dsp()                                      /Users/mackemint/Documents/axoloti/build/xpatch.o
rootc::dsp()::zerobuffer                          /Users/mackemint/Documents/axoloti/build/xpatch.o
rootc::instanceSubOscillator__1::dsp(long (&) [16], long&)::zerobuffer /Users/mackemint/Documents/axoloti/build/xpatch.o
row_update_index                                  ./build/axoloti.elf
sai_a                                             ./build/axoloti.elf
sai_a_dma                                         ./build/axoloti.elf
sai_b                                             ./build/axoloti.elf
sai_b_dma                                         ./build/axoloti.elf
scalbn                                            ./build/axoloti.elf
scalbnf                                           ./build/axoloti.elf
sdIncomingDataI                                   ./build/axoloti.elf
sdInit                                            ./build/axoloti.elf
sdObjectInit                                      ./build/axoloti.elf
sdRequestDataI                                    ./build/axoloti.elf
sdStart                                           ./build/axoloti.elf
sdStop                                            ./build/axoloti.elf
sd_lld_init                                       ./build/axoloti.elf
sd_lld_start                                      ./build/axoloti.elf
sd_lld_stop                                       ./build/axoloti.elf
sdcConnect                                        ./build/axoloti.elf
sdcDisconnect                                     ./build/axoloti.elf
sdcErase                                          ./build/axoloti.elf
sdcGetAndClearErrors                              ./build/axoloti.elf
sdcGetInfo                                        ./build/axoloti.elf
sdcInit                                           ./build/axoloti.elf
sdcObjectInit                                     ./build/axoloti.elf
sdcRead                                           ./build/axoloti.elf
sdcStart                                          ./build/axoloti.elf
sdcStop                                           ./build/axoloti.elf
sdcSync                                           ./build/axoloti.elf
sdcWrite                                          ./build/axoloti.elf
sdc_lld_init                                      ./build/axoloti.elf
sdc_lld_is_card_inserted                          ./build/axoloti.elf
sdc_lld_is_write_protected                        ./build/axoloti.elf
sdc_lld_read                                      ./build/axoloti.elf
sdc_lld_read_aligned                              ./build/axoloti.elf
sdc_lld_send_cmd_long_crc                         ./build/axoloti.elf
sdc_lld_send_cmd_none                             ./build/axoloti.elf
sdc_lld_send_cmd_short                            ./build/axoloti.elf
sdc_lld_send_cmd_short_crc                        ./build/axoloti.elf
sdc_lld_set_bus_mode                              ./build/axoloti.elf
sdc_lld_set_data_clk                              ./build/axoloti.elf
sdc_lld_start                                     ./build/axoloti.elf
sdc_lld_start_clk                                 ./build/axoloti.elf
sdc_lld_stop                                      ./build/axoloti.elf
sdc_lld_stop_clk                                  ./build/axoloti.elf
sdc_lld_sync                                      ./build/axoloti.elf
sdc_lld_write                                     ./build/axoloti.elf
sdc_lld_write_aligned                             ./build/axoloti.elf
sdcard_attemptMountIfUnmounted                    ./build/axoloti.elf
sdcard_init                                       ./build/axoloti.elf
sdcard_loadPatch                                  ./build/axoloti.elf
sdcard_unmount                                    ./build/axoloti.elf
sdcsw_prev                                        ./build/axoloti.elf
serial_MidiGetOutputBufferPending                 ./build/axoloti.elf
serial_MidiInByteHandler                          ./build/axoloti.elf
serial_MidiSend1                                  ./build/axoloti.elf
serial_MidiSend2                                  ./build/axoloti.elf
serial_MidiSend3                                  ./build/axoloti.elf
serial_midi_init                                  ./build/axoloti.elf
setErrorFlag                                      ./build/axoloti.elf
setlocale                                         ./build/axoloti.elf
sinTable_f32                                      ./build/axoloti.elf
sinTable_q15                                      ./build/axoloti.elf
sinTable_q31                                      ./build/axoloti.elf
sine2t                                            ./build/axoloti.elf
                                                  /Users/mackemint/Documents/axoloti/build/xpatch.o
sinet                                             ./build/axoloti.elf
sinf                                              ./build/axoloti.elf
spiAcquireBus                                     ./build/axoloti.elf
spiExchange                                       ./build/axoloti.elf
spiIgnore                                         ./build/axoloti.elf
spiInit                                           ./build/axoloti.elf
spiObjectInit                                     ./build/axoloti.elf
spiReceive                                        ./build/axoloti.elf
spiReleaseBus                                     ./build/axoloti.elf
spiSelect                                         ./build/axoloti.elf
spiSend                                           ./build/axoloti.elf
spiStart                                          ./build/axoloti.elf
spiStartExchange                                  ./build/axoloti.elf
spiStartIgnore                                    ./build/axoloti.elf
spiStartReceive                                   ./build/axoloti.elf
spiStartSend                                      ./build/axoloti.elf
spiStop                                           ./build/axoloti.elf
spiUnselect                                       ./build/axoloti.elf
spi_lld_exchange                                  ./build/axoloti.elf
spi_lld_ignore                                    ./build/axoloti.elf
spi_lld_init                                      ./build/axoloti.elf
spi_lld_polled_exchange                           ./build/axoloti.elf
spi_lld_receive                                   ./build/axoloti.elf
spi_lld_select                                    ./build/axoloti.elf
spi_lld_send                                      ./build/axoloti.elf
spi_lld_start                                     ./build/axoloti.elf
spi_lld_stop                                      ./build/axoloti.elf
spi_lld_unselect                                  ./build/axoloti.elf
sprintf                                           ./build/axoloti.elf
start_dsp_thread                                  ./build/axoloti.elf
stm32_clock_init                                  ./build/axoloti.elf
stpcpy                                            ./build/axoloti.elf
strcmp                                            ./build/axoloti.elf
strcpy                                            ./build/axoloti.elf
strlen                                            ./build/axoloti.elf
sysmon_blink_pattern                              ./build/axoloti.elf
sysmon_disable_blinker                            ./build/axoloti.elf
                                                  /Users/mackemint/Documents/axoloti/build/xpatch.o
sysmon_enable_blinker                             ./build/axoloti.elf
sysmon_getVoltage10                               ./build/axoloti.elf
sysmon_getVoltage50                               ./build/axoloti.elf
sysmon_init                                       ./build/axoloti.elf
terminator                                        ./build/axoloti.elf
twiddleCoefQ15                                    ./build/axoloti.elf
twiddleCoefQ31                                    ./build/axoloti.elf
twiddleCoef_1024                                  ./build/axoloti.elf
twiddleCoef_128                                   ./build/axoloti.elf
twiddleCoef_16                                    ./build/axoloti.elf
twiddleCoef_2048                                  ./build/axoloti.elf
twiddleCoef_256                                   ./build/axoloti.elf
twiddleCoef_32                                    ./build/axoloti.elf
twiddleCoef_4096                                  ./build/axoloti.elf
twiddleCoef_512                                   ./build/axoloti.elf
twiddleCoef_64                                    ./build/axoloti.elf
twiddleCoef_rfft_1024                             ./build/axoloti.elf
twiddleCoef_rfft_128                              ./build/axoloti.elf
twiddleCoef_rfft_2048                             ./build/axoloti.elf
twiddleCoef_rfft_256                              ./build/axoloti.elf
twiddleCoef_rfft_32                               ./build/axoloti.elf
twiddleCoef_rfft_4096                             ./build/axoloti.elf
twiddleCoef_rfft_512                              ./build/axoloti.elf
twiddleCoef_rfft_64                               ./build/axoloti.elf
ui_init                                           ./build/axoloti.elf
usbDisableEndpointsI                              ./build/axoloti.elf
usbInit                                           ./build/axoloti.elf
usbInitEndpointI                                  ./build/axoloti.elf
usbObjectInit                                     ./build/axoloti.elf
usbPrepareQueuedReceive                           ./build/axoloti.elf
usbPrepareQueuedTransmit                          ./build/axoloti.elf
usbPrepareReceive                                 ./build/axoloti.elf
usbPrepareTransmit                                ./build/axoloti.elf
usbStallReceiveI                                  ./build/axoloti.elf
usbStallTransmitI                                 ./build/axoloti.elf
usbStart                                          ./build/axoloti.elf
usbStartReceiveI                                  ./build/axoloti.elf
usbStartTransmitI                                 ./build/axoloti.elf
usbStop                                           ./build/axoloti.elf
usb_lld_clear_in                                  ./build/axoloti.elf
usb_lld_clear_out                                 ./build/axoloti.elf
usb_lld_disable_endpoints                         ./build/axoloti.elf
usb_lld_get_status_in                             ./build/axoloti.elf
usb_lld_get_status_out                            ./build/axoloti.elf
usb_lld_init                                      ./build/axoloti.elf
usb_lld_init_endpoint                             ./build/axoloti.elf
usb_lld_prepare_receive                           ./build/axoloti.elf
usb_lld_prepare_transmit                          ./build/axoloti.elf
usb_lld_read_setup                                ./build/axoloti.elf
usb_lld_reset                                     ./build/axoloti.elf
usb_lld_set_address                               ./build/axoloti.elf
usb_lld_stall_in                                  ./build/axoloti.elf
usb_lld_stall_out                                 ./build/axoloti.elf
usb_lld_start                                     ./build/axoloti.elf
usb_lld_start_in                                  ./build/axoloti.elf
usb_lld_start_out                                 ./build/axoloti.elf
usb_lld_stop                                      ./build/axoloti.elf
usbcfg                                            ./build/axoloti.elf
usbh_MidiGetOutputBufferAvailable                 ./build/axoloti.elf
usbh_MidiGetOutputBufferPending                   ./build/axoloti.elf
usbh_MidiSend1                                    ./build/axoloti.elf
usbh_MidiSend2                                    ./build/axoloti.elf
usbh_MidiSend3                                    ./build/axoloti.elf
usbh_MidiSendSysEx                                ./build/axoloti.elf
usbh_midi_init                                    ./build/axoloti.elf
usbh_midi_reset_buffer                            ./build/axoloti.elf
v50_max                                           ./build/axoloti.elf
v50_min                                           ./build/axoloti.elf
voltage_50                                        ./build/axoloti.elf
vtlist                                            ./build/axoloti.elf
watchdog_feed                                     ./build/axoloti.elf
watchdog_init                                     ./build/axoloti.elf
windowt                                           ./build/axoloti.elf
xpatch_init                                       /Users/mackemint/Documents/axoloti/build/xpatch.o
xpatch_init2(int)                                 /Users/mackemint/Documents/axoloti/build/xpatch.o
